37.187.150.125 - - [17/Jan/2015:18:54:46 +0530] "GET /logs/scripts.log&amp;sa=U&amp;ei=SFS6VIaeAsGRsQSEnYDwDg&amp;ved=0CPICEBYwPw&amp;usg=AFQjCNFOr6klWj4eua7-PnRcMzCrRVrjpQ//xmlrpc.php HTTP/1.1" 301 5 "-" "Mozilla/5.0 (Windows NT 6.1; WOW64; rv:34.0) Gecko/20100101 Firefox/34.0" "www.thewhiteroom.co.in"
37.187.150.125 - - [17/Jan/2015:18:54:48 +0530] "GET /logs/scripts.log&amp;sa=U&amp;ei=SFS6VIaeAsGRsQSEnYDwDg&amp;ved=0CPICEBYwPw&amp;usg=AFQjCNFOr6klWj4eua7-PnRcMzCrRVrjpQ/xmlrpc.php HTTP/1.1" 404 7940 "-" "Mozilla/5.0 (Windows NT 6.1; WOW64; rv:34.0) Gecko/20100101 Firefox/34.0" "www.thewhiteroom.co.in"
37.187.150.125 - - [17/Jan/2015:18:55:25 +0530] "GET /logs/scripts.log&amp;sa=U&amp;ei=PFS6VODmJYfPaMO2gDg&amp;ved=0CPkBEBYwKQ&amp;usg=AFQjCNHB1-VB0xNuKQIa8AS8BkPHg0zGnQ//xmlrpc.php HTTP/1.1" 200 - "-" "Mozilla/5.0 (Windows NT 6.1; WOW64; rv:34.0) Gecko/20100101 Firefox/34.0" "www.thewhiteroom.co.in"
37.187.150.125 - - [17/Jan/2015:18:58:49 +0530] "GET /logs/scripts.log&amp;sa=U&amp;ei=TVS6VJGIAsPtaq6HgqAE&amp;ved=0CLcBEBYwHQ&amp;usg=AFQjCNGQGOq82ldpzZyqTpa6l2znCKuq7w//xmlrpc.php HTTP/1.1" 200 - "-" "Mozilla/5.0 (Windows NT 6.1; WOW64; rv:34.0) Gecko/20100101 Firefox/34.0" "www.thewhiteroom.co.in"
31.184.238.152 - - [17/Jan/2015:19:00:11 +0530] "GET /logs/access.log HTTP/1.1" 200 101810 "http://buyflomax.forumcircle.com" "Mozilla/5.0 (Windows NT 6.1; WOW64) AppleWebKit/537.36 (KHTML, like Gecko) Chrome/32.0.1700.107 Safari/537.36 OPR/19.0.1326.63" "www.thewhiteroom.co.in"
31.184.238.152 - - [17/Jan/2015:19:11:51 +0530] "GET /logs/access.log HTTP/1.1" 200 102090 "http://motilium-10mg-order.soup.io" "Mozilla/5.0 (Windows NT 6.1) AppleWebKit/537.36 (KHTML, like Gecko) Chrome/33.0.1750.117 Safari/537.36" "www.thewhiteroom.co.in"
31.184.238.152 - - [17/Jan/2015:19:23:38 +0530] "GET /logs/access.log HTTP/1.1" 200 102348 "http://gravatar.com/listflowficsytoca" "Mozilla/5.0 (Windows NT 6.1; WOW64) AppleWebKit/537.36 (KHTML, like Gecko) Chrome/32.0.1700.102 Safari/537.36 OPR/19.0.1326.59" "www.thewhiteroom.co.in"
23.94.176.31 - - [17/Jan/2015:19:24:23 +0530] "GET /logs/access.log HTTP/1.1" 200 9706 "http://www.thewhiteroom.co.in/" "Mozilla/5.0 (Windows NT 5.1) AppleWebKit/537.36 (KHTML, like Gecko) Chrome/39.0.2171.99 Safari/537.36" "www.thewhiteroom.co.in"
23.94.176.31 - - [17/Jan/2015:19:24:26 +0530] "GET /wp-login.php HTTP/1.1" 200 1811 "http://www.thewhiteroom.co.in/" "Mozilla/5.0 (Windows NT 5.1) AppleWebKit/537.36 (KHTML, like Gecko) Chrome/39.0.2171.99 Safari/537.36" "www.thewhiteroom.co.in"
23.94.176.31 - - [17/Jan/2015:19:25:17 +0530] "GET /wp-login.php?action=register HTTP/1.1" 302 5 "http://www.thewhiteroom.co.in/wp-login.php" "Mozilla/5.0 (Windows NT 5.1) AppleWebKit/537.36 (KHTML, like Gecko) Chrome/39.0.2171.99 Safari/537.36" "www.thewhiteroom.co.in"
23.94.176.31 - - [17/Jan/2015:19:25:19 +0530] "GET /wp-login.php?registration=disabled HTTP/1.1" 200 1850 "http://www.thewhiteroom.co.in/wp-login.php" "Mozilla/5.0 (Windows NT 5.1) AppleWebKit/537.36 (KHTML, like Gecko) Chrome/39.0.2171.99 Safari/537.36" "www.thewhiteroom.co.in"
31.184.238.152 - - [17/Jan/2015:19:35:38 +0530] "GET /logs/access.log HTTP/1.1" 200 103679 "http://www.theknot.com/wedding/zidovudine-and-no" "Mozilla/5.0 (Windows NT 5.1) AppleWebKit/537.36 (KHTML, like Gecko) Chrome/33.0.1750.117 Safari/537.36" "www.thewhiteroom.co.in"
210.211.107.150 - - [17/Jan/2015:19:40:29 +0530] "GET /robots.txt HTTP/1.1" 200 106 "-" "Wada.vn Vietnamese Search" "thewhiteroom.co.in"
31.184.238.152 - - [17/Jan/2015:19:47:37 +0530] "GET /logs/access.log HTTP/1.1" 200 104088 "http://carafate1000mgxx.forumcircle.com" "Opera/9.80 (Windows NT 6.1) Presto/2.12.388 Version/12.16" "www.thewhiteroom.co.in"
61.3.143.35 - - [17/Jan/2015:19:48:49 +0530] "GET /yahoo_site_admin/credentials/ HTTP/1.1" 200 932 "https://www.google.co.in/" "Mozilla/5.0 (Windows NT 6.3; WOW64) AppleWebKit/537.36 (KHTML, like Gecko) Chrome/39.0.2171.99 Safari/537.36" "www.thewhiteroom.co.in"
61.3.143.35 - - [17/Jan/2015:19:48:51 +0530] "GET /favicon.ico HTTP/1.1" 200 0 "-" "Mozilla/5.0 (Windows NT 6.3; WOW64) AppleWebKit/537.36 (KHTML, like Gecko) Chrome/39.0.2171.99 Safari/537.36" "www.thewhiteroom.co.in"
61.3.143.35 - - [17/Jan/2015:19:48:53 +0530] "GET /yahoo_site_admin/credentials/db.conf HTTP/1.1" 200 670 "http://www.thewhiteroom.co.in/yahoo_site_admin/credentials/" "Mozilla/5.0 (Windows NT 6.3; WOW64) AppleWebKit/537.36 (KHTML, like Gecko) Chrome/39.0.2171.99 Safari/537.36" "www.thewhiteroom.co.in"
61.3.143.35 - - [17/Jan/2015:19:48:53 +0530] "GET /favicon.ico HTTP/1.1" 200 0 "-" "Mozilla/5.0 (Windows NT 6.3; WOW64) AppleWebKit/537.36 (KHTML, like Gecko) Chrome/39.0.2171.99 Safari/537.36" "www.thewhiteroom.co.in"
46.147.155.149 - - [17/Jan/2015:19:48:54 +0530] "GET / HTTP/1.1" 200 10876 "http://artefakct.com/skyrim/35-kulon-skajrim.html" "Mozilla/4.0 (compatible; MSIE 6.0; Windows NT 5.1; ru) Opera 8.50" "www.thewhiteroom.co.in"
46.147.155.149 - - [17/Jan/2015:19:48:56 +0530] "GET / HTTP/1.1" 200 10876 "http://artefakct.com/skyrim/35-kulon-skajrim.html" "Mozilla/4.0 (compatible; MSIE 6.0; Windows NT 5.0)" "www.thewhiteroom.co.in"
46.147.155.149 - - [17/Jan/2015:19:48:57 +0530] "GET / HTTP/1.1" 200 10876 "http://artefakct.com/skyrim/35-kulon-skajrim.html" "Mozilla/4.0 (compatible; MSIE 6.0; Windows NT 5.1; SV1; .NET CLR 1.1.4322; XMPP Tiscali Communicator v.10.0.2; .NET CLR 2.0.50727)" "www.thewhiteroom.co.in"
46.147.155.149 - - [17/Jan/2015:19:48:58 +0530] "GET / HTTP/1.1" 200 10876 "http://artefakct.com/skyrim/35-kulon-skajrim.html" "Mozilla/4.0 (compatible; MSIE 6.0; Windows NT 5.0)" "www.thewhiteroom.co.in"
77.247.181.162 - - [17/Jan/2015:19:49:07 +0530] "GET /yahoo_site_admin/ HTTP/1.1" 200 1091 "-" "Mozilla/5.0 (Windows NT 6.1; rv:31.0) Gecko/20100101 Firefox/31.0" "www.thewhiteroom.co.in"
77.247.181.162 - - [17/Jan/2015:19:49:18 +0530] "GET /favicon.ico HTTP/1.1" 200 0 "-" "Mozilla/5.0 (Windows NT 6.1; rv:31.0) Gecko/20100101 Firefox/31.0" "www.thewhiteroom.co.in"
77.247.181.162 - - [17/Jan/2015:19:49:21 +0530] "GET /favicon.ico HTTP/1.1" 200 0 "-" "Mozilla/5.0 (Windows NT 6.1; rv:31.0) Gecko/20100101 Firefox/31.0" "www.thewhiteroom.co.in"
77.247.181.162 - - [17/Jan/2015:19:49:26 +0530] "GET /yahoo_site_admin/backup_july192014/ HTTP/1.1" 200 821 "http://www.thewhiteroom.co.in/yahoo_site_admin/" "Mozilla/5.0 (Windows NT 6.1; rv:31.0) Gecko/20100101 Firefox/31.0" "www.thewhiteroom.co.in"
66.221.40.63 - - [17/Jan/2015:19:50:32 +0530] "GET /logs/access.log HTTP/1.1" 200 10096 "http://www.thewhiteroom.co.in/" "Mozilla/5.0 (Windows NT 6.2; WOW64; rv:22.0) Gecko/20100101 Firefox/22.0" "www.thewhiteroom.co.in"
66.221.40.63 - - [17/Jan/2015:19:50:33 +0530] "GET /wp-login.php?redirect_to=http%3A%2F%2Fwww.thewhiteroom.co.in%2Fwp-admin%2F&reauth=1 HTTP/1.1" 200 3385 "http://www.thewhiteroom.co.in/" "Mozilla/5.0 (Windows NT 6.2; WOW64; rv:22.0) Gecko/20100101 Firefox/22.0" "www.thewhiteroom.co.in"
66.221.40.63 - - [17/Jan/2015:19:50:33 +0530] "GET /wp-login.php?action=register HTTP/1.1" 302 5 "http://www.thewhiteroom.co.in/wp-login.php?redirect_to=http%3A%2F%2Fwww.thewhiteroom.co.in%2Fwp-admin%2F&reauth=1" "Mozilla/5.0 (Windows NT 6.2; WOW64; rv:22.0) Gecko/20100101 Firefox/22.0" "www.thewhiteroom.co.in"
66.221.40.63 - - [17/Jan/2015:19:50:34 +0530] "GET /wp-login.php?registration=disabled HTTP/1.1" 200 1850 "http://www.thewhiteroom.co.in/wp-login.php?redirect_to=http%3A%2F%2Fwww.thewhiteroom.co.in%2Fwp-admin%2F&reauth=1" "Mozilla/5.0 (Windows NT 6.2; WOW64; rv:22.0) Gecko/20100101 Firefox/22.0" "www.thewhiteroom.co.in"
77.247.181.162 - - [17/Jan/2015:19:50:52 +0530] "GET /yahoo_site_admin/ HTTP/1.1" 200 977 "http://www.thewhiteroom.co.in/yahoo_site_admin/backup_july192014/" "Mozilla/5.0 (Windows NT 6.1; rv:31.0) Gecko/20100101 Firefox/31.0" "www.thewhiteroom.co.in"
77.247.181.162 - - [17/Jan/2015:19:51:10 +0530] "GET /yahoo_site_admin/backup_july192014/ HTTP/1.1" 200 821 "http://www.thewhiteroom.co.in/yahoo_site_admin/" "Mozilla/5.0 (Windows NT 6.1; rv:31.0) Gecko/20100101 Firefox/31.0" "www.thewhiteroom.co.in"
77.247.181.162 - - [17/Jan/2015:19:52:59 +0530] "GET /yahoo_site_admin/backup_july192014/logs/ HTTP/1.1" 200 7400 "http://www.thewhiteroom.co.in/yahoo_site_admin/backup_july192014/" "Mozilla/5.0 (Windows NT 6.1; rv:31.0) Gecko/20100101 Firefox/31.0" "www.thewhiteroom.co.in"
77.247.181.162 - - [17/Jan/2015:19:53:11 +0530] "GET /yahoo_site_admin/backup_july192014/ HTTP/1.1" 200 821 "http://www.thewhiteroom.co.in/yahoo_site_admin/backup_july192014/logs/" "Mozilla/5.0 (Windows NT 6.1; rv:31.0) Gecko/20100101 Firefox/31.0" "www.thewhiteroom.co.in"
77.247.181.162 - - [17/Jan/2015:19:53:13 +0530] "GET /yahoo_site_admin/ HTTP/1.1" 200 977 "http://www.thewhiteroom.co.in/yahoo_site_admin/backup_july192014/" "Mozilla/5.0 (Windows NT 6.1; rv:31.0) Gecko/20100101 Firefox/31.0" "www.thewhiteroom.co.in"
77.247.181.162 - - [17/Jan/2015:19:53:18 +0530] "GET /yahoo_site_admin/Backup1/ HTTP/1.1" 200 856 "http://www.thewhiteroom.co.in/yahoo_site_admin/" "Mozilla/5.0 (Windows NT 6.1; rv:31.0) Gecko/20100101 Firefox/31.0" "www.thewhiteroom.co.in"
77.247.181.162 - - [17/Jan/2015:19:53:28 +0530] "GET /yahoo_site_admin/ HTTP/1.1" 200 977 "http://www.thewhiteroom.co.in/yahoo_site_admin/Backup1/" "Mozilla/5.0 (Windows NT 6.1; rv:31.0) Gecko/20100101 Firefox/31.0" "www.thewhiteroom.co.in"
31.184.238.152 - - [17/Jan/2015:19:59:51 +0530] "GET /logs/access.log HTTP/1.1" 200 109951 "http://www.theknot.com/wedding/calciumacetate-and-no" "Mozilla/5.0 (Windows NT 6.1) AppleWebKit/537.36 (KHTML, like Gecko) Chrome/32.0.1700.102 Safari/537.36" "www.thewhiteroom.co.in"
194.50.116.162 - - [17/Jan/2015:20:11:39 +0530] "GET /wp-login.php HTTP/1.1" 200 1925 "-" "Mozilla/5.0 (Windows NT 5.1) AppleWebKit/537.1 (KHTML, like Gecko) Chrome/24.0.1290.1 Safari/537.13" "thewhiteroom.co.in"
194.50.116.162 - - [17/Jan/2015:20:11:42 +0530] "POST /wp-login.php HTTP/1.1" 200 2183 "-" "Mozilla/5.0 (Windows NT 5.1) AppleWebKit/537.1 (KHTML, like Gecko) Chrome/24.0.1290.1 Safari/537.13" "thewhiteroom.co.in"
31.184.238.152 - - [17/Jan/2015:20:11:51 +0530] "GET /logs/access.log HTTP/1.1" 200 110654 "http://efavirenz-order-without-rx.tumblr.com" "Mozilla/5.0 (Windows NT 6.1) AppleWebKit/537.36 (KHTML, like Gecko) Chrome/30.0.1599.12785 YaBrowser/13.12.1599.12785 Safari/537.36" "www.thewhiteroom.co.in"
101.56.107.64 - - [17/Jan/2015:20:17:06 +0530] "GET /yahoo_site_admin/credentials/ HTTP/1.1" 200 932 "https://www.google.co.in/" "Mozilla/5.0 (Windows NT 6.1) AppleWebKit/537.36 (KHTML, like Gecko) Chrome/39.0.2171.95 Safari/537.36" "www.thewhiteroom.co.in"
101.56.107.64 - - [17/Jan/2015:20:17:08 +0530] "GET /favicon.ico HTTP/1.1" 200 0 "-" "Mozilla/5.0 (Windows NT 6.1) AppleWebKit/537.36 (KHTML, like Gecko) Chrome/39.0.2171.95 Safari/537.36" "www.thewhiteroom.co.in"
31.184.238.152 - - [17/Jan/2015:20:24:08 +0530] "GET /logs/access.log HTTP/1.1" 200 111423 "http://order-protonix.soup.io" "Opera/9.80 (Windows NT 6.1; Win64; x64) Presto/2.12.388 Version/12.16" "www.thewhiteroom.co.in"
145.255.1.94 - - [17/Jan/2015:20:31:15 +0530] "GET /yahoo_site_admin/credentials/ HTTP/1.1" 200 932 "https://www.google.ru/" "Mozilla/5.0 (Windows NT 6.1) AppleWebKit/537.36 (KHTML, like Gecko) Chrome/39.0.2171.99 Safari/537.36" "www.thewhiteroom.co.in"
145.255.1.94 - - [17/Jan/2015:20:31:18 +0530] "GET /favicon.ico HTTP/1.1" 200 0 "-" "Mozilla/5.0 (Windows NT 6.1) AppleWebKit/537.36 (KHTML, like Gecko) Chrome/39.0.2171.99 Safari/537.36" "www.thewhiteroom.co.in"
145.255.1.94 - - [17/Jan/2015:20:31:43 +0530] "GET /yahoo_site_admin/credentials/db.conf HTTP/1.1" 200 670 "http://www.thewhiteroom.co.in/yahoo_site_admin/credentials/" "Mozilla/5.0 (Windows NT 6.1) AppleWebKit/537.36 (KHTML, like Gecko) Chrome/39.0.2171.99 Safari/537.36" "www.thewhiteroom.co.in"
145.255.1.94 - - [17/Jan/2015:20:31:44 +0530] "GET /favicon.ico HTTP/1.1" 200 0 "-" "Mozilla/5.0 (Windows NT 6.1) AppleWebKit/537.36 (KHTML, like Gecko) Chrome/39.0.2171.99 Safari/537.36" "www.thewhiteroom.co.in"
145.255.1.94 - - [17/Jan/2015:20:31:54 +0530] "GET /favicon.ico HTTP/1.1" 200 0 "-" "Mozilla/5.0 (Windows NT 6.1) AppleWebKit/537.36 (KHTML, like Gecko) Chrome/39.0.2171.99 Safari/537.36" "www.thewhiteroom.co.in"
145.255.1.94 - - [17/Jan/2015:20:31:57 +0530] "GET /yahoo_site_admin/ HTTP/1.1" 200 977 "http://www.thewhiteroom.co.in/yahoo_site_admin/credentials/" "Mozilla/5.0 (Windows NT 6.1) AppleWebKit/537.36 (KHTML, like Gecko) Chrome/39.0.2171.99 Safari/537.36" "www.thewhiteroom.co.in"
145.255.1.94 - - [17/Jan/2015:20:31:59 +0530] "GET /favicon.ico HTTP/1.1" 200 0 "-" "Mozilla/5.0 (Windows NT 6.1) AppleWebKit/537.36 (KHTML, like Gecko) Chrome/39.0.2171.99 Safari/537.36" "www.thewhiteroom.co.in"
145.255.1.94 - - [17/Jan/2015:20:32:02 +0530] "GET /yahoo_site_admin/credentials/ HTTP/1.1" 200 818 "http://www.thewhiteroom.co.in/yahoo_site_admin/" "Mozilla/5.0 (Windows NT 6.1) AppleWebKit/537.36 (KHTML, like Gecko) Chrome/39.0.2171.99 Safari/537.36" "www.thewhiteroom.co.in"
145.255.1.94 - - [17/Jan/2015:20:32:03 +0530] "GET /favicon.ico HTTP/1.1" 200 0 "-" "Mozilla/5.0 (Windows NT 6.1) AppleWebKit/537.36 (KHTML, like Gecko) Chrome/39.0.2171.99 Safari/537.36" "www.thewhiteroom.co.in"
145.255.1.94 - - [17/Jan/2015:20:34:36 +0530] "GET /yahoo_site_admin/ HTTP/1.1" 200 977 "http://www.thewhiteroom.co.in/yahoo_site_admin/credentials/" "Mozilla/5.0 (Windows NT 6.1) AppleWebKit/537.36 (KHTML, like Gecko) Chrome/39.0.2171.99 Safari/537.36" "www.thewhiteroom.co.in"
145.255.1.94 - - [17/Jan/2015:20:34:37 +0530] "GET /favicon.ico HTTP/1.1" 200 0 "-" "Mozilla/5.0 (Windows NT 6.1) AppleWebKit/537.36 (KHTML, like Gecko) Chrome/39.0.2171.99 Safari/537.36" "www.thewhiteroom.co.in"
145.255.1.94 - - [17/Jan/2015:20:34:40 +0530] "GET / HTTP/1.1" 200 3265 "http://www.thewhiteroom.co.in/yahoo_site_admin/" "Mozilla/5.0 (Windows NT 6.1) AppleWebKit/537.36 (KHTML, like Gecko) Chrome/39.0.2171.99 Safari/537.36" "www.thewhiteroom.co.in"
145.255.1.94 - - [17/Jan/2015:20:34:41 +0530] "GET /wp-content/themes/WhiteRoom/style.css HTTP/1.1" 200 2864 "http://www.thewhiteroom.co.in/" "Mozilla/5.0 (Windows NT 6.1) AppleWebKit/537.36 (KHTML, like Gecko) Chrome/39.0.2171.99 Safari/537.36" "www.thewhiteroom.co.in"
145.255.1.94 - - [17/Jan/2015:20:34:41 +0530] "GET /wp-content/plugins/wordpress-ajax-posts-loader-master/js/byscripts_ajax_posts_loader.js?ver=1.0 HTTP/1.1" 200 1275 "http://www.thewhiteroom.co.in/" "Mozilla/5.0 (Windows NT 6.1) AppleWebKit/537.36 (KHTML, like Gecko) Chrome/39.0.2171.99 Safari/537.36" "www.thewhiteroom.co.in"
145.255.1.94 - - [17/Jan/2015:20:34:42 +0530] "GET /wp-content/plugins/ultimate-preloader/js/ups.js?ver=4.0.1 HTTP/1.1" 200 2740 "http://www.thewhiteroom.co.in/" "Mozilla/5.0 (Windows NT 6.1) AppleWebKit/537.36 (KHTML, like Gecko) Chrome/39.0.2171.99 Safari/537.36" "www.thewhiteroom.co.in"
145.255.1.94 - - [17/Jan/2015:20:34:42 +0530] "GET /wp-content/uploads/2014/08/A.jpg HTTP/1.1" 200 21314 "http://www.thewhiteroom.co.in/" "Mozilla/5.0 (Windows NT 6.1) AppleWebKit/537.36 (KHTML, like Gecko) Chrome/39.0.2171.99 Safari/537.36" "www.thewhiteroom.co.in"
145.255.1.94 - - [17/Jan/2015:20:34:42 +0530] "GET /wp-includes/js/jquery/jquery-migrate.min.js?ver=1.2.1 HTTP/1.1" 200 3562 "http://www.thewhiteroom.co.in/" "Mozilla/5.0 (Windows NT 6.1) AppleWebKit/537.36 (KHTML, like Gecko) Chrome/39.0.2171.99 Safari/537.36" "www.thewhiteroom.co.in"
145.255.1.94 - - [17/Jan/2015:20:34:42 +0530] "GET /wp-includes/js/jquery/jquery.js?ver=1.11.1 HTTP/1.1" 200 33760 "http://www.thewhiteroom.co.in/" "Mozilla/5.0 (Windows NT 6.1) AppleWebKit/537.36 (KHTML, like Gecko) Chrome/39.0.2171.99 Safari/537.36" "www.thewhiteroom.co.in"
145.255.1.94 - - [17/Jan/2015:20:34:42 +0530] "GET /wp-content/uploads/2014/08/organic.jpg HTTP/1.1" 200 33732 "http://www.thewhiteroom.co.in/" "Mozilla/5.0 (Windows NT 6.1) AppleWebKit/537.36 (KHTML, like Gecko) Chrome/39.0.2171.99 Safari/537.36" "www.thewhiteroom.co.in"
145.255.1.94 - - [17/Jan/2015:20:34:43 +0530] "HEAD /wp-content/uploads/2014/08/D1.jpg HTTP/1.1" 200 0 "http://www.thewhiteroom.co.in/" "Mozilla/5.0 (Windows NT 6.1) AppleWebKit/537.36 (KHTML, like Gecko) Chrome/39.0.2171.99 Safari/537.36" "www.thewhiteroom.co.in"
145.255.1.94 - - [17/Jan/2015:20:34:43 +0530] "HEAD /wp-content/uploads/2014/08/E.jpg HTTP/1.1" 200 0 "http://www.thewhiteroom.co.in/" "Mozilla/5.0 (Windows NT 6.1) AppleWebKit/537.36 (KHTML, like Gecko) Chrome/39.0.2171.99 Safari/537.36" "www.thewhiteroom.co.in"
145.255.1.94 - - [17/Jan/2015:20:34:43 +0530] "HEAD /wp-content/uploads/2014/08/meditterinain.jpg HTTP/1.1" 200 0 "http://www.thewhiteroom.co.in/" "Mozilla/5.0 (Windows NT 6.1) AppleWebKit/537.36 (KHTML, like Gecko) Chrome/39.0.2171.99 Safari/537.36" "www.thewhiteroom.co.in"
145.255.1.94 - - [17/Jan/2015:20:34:43 +0530] "HEAD /wp-content/uploads/2014/08/F.jpg HTTP/1.1" 200 0 "http://www.thewhiteroom.co.in/" "Mozilla/5.0 (Windows NT 6.1) AppleWebKit/537.36 (KHTML, like Gecko) Chrome/39.0.2171.99 Safari/537.36" "www.thewhiteroom.co.in"
145.255.1.94 - - [17/Jan/2015:20:34:43 +0530] "HEAD /wp-content/uploads/2014/08/G.jpg HTTP/1.1" 200 0 "http://www.thewhiteroom.co.in/" "Mozilla/5.0 (Windows NT 6.1) AppleWebKit/537.36 (KHTML, like Gecko) Chrome/39.0.2171.99 Safari/537.36" "www.thewhiteroom.co.in"
145.255.1.94 - - [17/Jan/2015:20:34:44 +0530] "HEAD /wp-content/uploads/2014/08/I.jpg HTTP/1.1" 200 0 "http://www.thewhiteroom.co.in/" "Mozilla/5.0 (Windows NT 6.1) AppleWebKit/537.36 (KHTML, like Gecko) Chrome/39.0.2171.99 Safari/537.36" "www.thewhiteroom.co.in"
145.255.1.94 - - [17/Jan/2015:20:34:44 +0530] "HEAD /wp-content/uploads/2014/08/H.jpg HTTP/1.1" 200 0 "http://www.thewhiteroom.co.in/" "Mozilla/5.0 (Windows NT 6.1) AppleWebKit/537.36 (KHTML, like Gecko) Chrome/39.0.2171.99 Safari/537.36" "www.thewhiteroom.co.in"
145.255.1.94 - - [17/Jan/2015:20:34:44 +0530] "HEAD /wp-content/themes/WhiteRoom/images/facebook.png HTTP/1.1" 200 0 "http://www.thewhiteroom.co.in/" "Mozilla/5.0 (Windows NT 6.1) AppleWebKit/537.36 (KHTML, like Gecko) Chrome/39.0.2171.99 Safari/537.36" "www.thewhiteroom.co.in"
145.255.1.94 - - [17/Jan/2015:20:34:44 +0530] "HEAD /wp-content/themes/WhiteRoom/images/twitter.png HTTP/1.1" 200 0 "http://www.thewhiteroom.co.in/" "Mozilla/5.0 (Windows NT 6.1) AppleWebKit/537.36 (KHTML, like Gecko) Chrome/39.0.2171.99 Safari/537.36" "www.thewhiteroom.co.in"
145.255.1.94 - - [17/Jan/2015:20:34:44 +0530] "HEAD /wp-content/themes/WhiteRoom/images/pinterest.png HTTP/1.1" 200 0 "http://www.thewhiteroom.co.in/" "Mozilla/5.0 (Windows NT 6.1) AppleWebKit/537.36 (KHTML, like Gecko) Chrome/39.0.2171.99 Safari/537.36" "www.thewhiteroom.co.in"
145.255.1.94 - - [17/Jan/2015:20:34:44 +0530] "GET /wp-content/uploads/2014/08/meditterinain.jpg HTTP/1.1" 200 61688 "http://www.thewhiteroom.co.in/" "Mozilla/5.0 (Windows NT 6.1) AppleWebKit/537.36 (KHTML, like Gecko) Chrome/39.0.2171.99 Safari/537.36" "www.thewhiteroom.co.in"
145.255.1.94 - - [17/Jan/2015:20:34:44 +0530] "GET /wp-content/themes/WhiteRoom/font/landsdowne-webfont.woff HTTP/1.1" 200 23000 "http://www.thewhiteroom.co.in/wp-content/themes/WhiteRoom/style.css" "Mozilla/5.0 (Windows NT 6.1) AppleWebKit/537.36 (KHTML, like Gecko) Chrome/39.0.2171.99 Safari/537.36" "www.thewhiteroom.co.in"
145.255.1.94 - - [17/Jan/2015:20:34:44 +0530] "GET /wp-content/uploads/2014/08/G.jpg HTTP/1.1" 200 56609 "http://www.thewhiteroom.co.in/" "Mozilla/5.0 (Windows NT 6.1) AppleWebKit/537.36 (KHTML, like Gecko) Chrome/39.0.2171.99 Safari/537.36" "www.thewhiteroom.co.in"
145.255.1.94 - - [17/Jan/2015:20:34:44 +0530] "GET /wp-content/uploads/2014/08/E.jpg HTTP/1.1" 200 36025 "http://www.thewhiteroom.co.in/" "Mozilla/5.0 (Windows NT 6.1) AppleWebKit/537.36 (KHTML, like Gecko) Chrome/39.0.2171.99 Safari/537.36" "www.thewhiteroom.co.in"
145.255.1.94 - - [17/Jan/2015:20:34:44 +0530] "GET /wp-content/uploads/2014/08/F.jpg HTTP/1.1" 200 31142 "http://www.thewhiteroom.co.in/" "Mozilla/5.0 (Windows NT 6.1) AppleWebKit/537.36 (KHTML, like Gecko) Chrome/39.0.2171.99 Safari/537.36" "www.thewhiteroom.co.in"
145.255.1.94 - - [17/Jan/2015:20:34:45 +0530] "GET /wp-content/uploads/2014/08/D1.jpg HTTP/1.1" 200 41626 "http://www.thewhiteroom.co.in/" "Mozilla/5.0 (Windows NT 6.1) AppleWebKit/537.36 (KHTML, like Gecko) Chrome/39.0.2171.99 Safari/537.36" "www.thewhiteroom.co.in"
145.255.1.94 - - [17/Jan/2015:20:34:45 +0530] "GET /wp-content/uploads/2014/08/H.jpg HTTP/1.1" 200 27722 "http://www.thewhiteroom.co.in/" "Mozilla/5.0 (Windows NT 6.1) AppleWebKit/537.36 (KHTML, like Gecko) Chrome/39.0.2171.99 Safari/537.36" "www.thewhiteroom.co.in"
145.255.1.94 - - [17/Jan/2015:20:34:45 +0530] "GET /wp-content/uploads/2014/08/I.jpg HTTP/1.1" 200 80530 "http://www.thewhiteroom.co.in/" "Mozilla/5.0 (Windows NT 6.1) AppleWebKit/537.36 (KHTML, like Gecko) Chrome/39.0.2171.99 Safari/537.36" "www.thewhiteroom.co.in"
145.255.1.94 - - [17/Jan/2015:20:34:45 +0530] "GET / HTTP/1.1" 200 3265 "http://www.thewhiteroom.co.in/" "Mozilla/5.0 (Windows NT 6.1) AppleWebKit/537.36 (KHTML, like Gecko) Chrome/39.0.2171.99 Safari/537.36" "www.thewhiteroom.co.in"
145.255.1.94 - - [17/Jan/2015:20:34:45 +0530] "GET /wp-content/themes/WhiteRoom/images/twitter.png HTTP/1.1" 200 3159 "http://www.thewhiteroom.co.in/" "Mozilla/5.0 (Windows NT 6.1) AppleWebKit/537.36 (KHTML, like Gecko) Chrome/39.0.2171.99 Safari/537.36" "www.thewhiteroom.co.in"
145.255.1.94 - - [17/Jan/2015:20:34:46 +0530] "GET /wp-content/themes/WhiteRoom/images/pinterest.png HTTP/1.1" 200 3399 "http://www.thewhiteroom.co.in/" "Mozilla/5.0 (Windows NT 6.1) AppleWebKit/537.36 (KHTML, like Gecko) Chrome/39.0.2171.99 Safari/537.36" "www.thewhiteroom.co.in"
145.255.1.94 - - [17/Jan/2015:20:35:07 +0530] "GET /wp-content/themes/WhiteRoom/images/facebook.png HTTP/1.1" 200 2951 "http://www.thewhiteroom.co.in/" "Mozilla/5.0 (Windows NT 6.1) AppleWebKit/537.36 (KHTML, like Gecko) Chrome/39.0.2171.99 Safari/537.36" "www.thewhiteroom.co.in"
145.255.1.94 - - [17/Jan/2015:20:35:25 +0530] "GET /admin HTTP/1.1" 302 5 "-" "Mozilla/5.0 (Windows NT 6.1) AppleWebKit/537.36 (KHTML, like Gecko) Chrome/39.0.2171.99 Safari/537.36" "www.thewhiteroom.co.in"
145.255.1.94 - - [17/Jan/2015:20:35:37 +0530] "GET /wp-admin/ HTTP/1.1" 302 5 "-" "Mozilla/5.0 (Windows NT 6.1) AppleWebKit/537.36 (KHTML, like Gecko) Chrome/39.0.2171.99 Safari/537.36" "www.thewhiteroom.co.in"
31.184.238.152 - - [17/Jan/2015:20:36:19 +0530] "GET /logs/access.log HTTP/1.1" 200 122959 "http://requip-1mg-buy.soup.io" "Mozilla/5.0 (Windows NT 6.1; WOW64) AppleWebKit/537.36 (KHTML, like Gecko) Chrome/31.0.1650.63 Safari/537.36 OPR/18.0.1284.68" "www.thewhiteroom.co.in"
145.255.1.94 - - [17/Jan/2015:20:36:36 +0530] "GET /wp-content/themes/WhiteRoom/images/facebook.png HTTP/1.1" 200 2951 "http://www.thewhiteroom.co.in/" "Mozilla/5.0 (Windows NT 6.1) AppleWebKit/537.36 (KHTML, like Gecko) Chrome/39.0.2171.99 Safari/537.36" "www.thewhiteroom.co.in"
188.240.139.72 - - [17/Jan/2015:20:37:10 +0530] "GET /logs/access.log HTTP/1.1" 200 10927 "http://www.thewhiteroom.co.in/" "Mozilla/5.0 (Windows NT 6.2; WOW64; rv:22.0) Gecko/20100101 Firefox/22.0" "www.thewhiteroom.co.in"
149.170.253.153 - - [17/Jan/2015:20:47:20 +0530] "GET /yahoo_site_admin/backup_july192014/logs/access_100315.log HTTP/1.1" 200 1734 "http://www.google.co.uk/url?sa=t&rct=j&q=&esrc=s&source=web&cd=10&ved=0CE0QFjAJ&url=http%3A%2F%2Fwww.thewhiteroom.co.in%2Fyahoo_site_admin%2Fbackup_july192014%2Flogs%2Faccess_100315.log&ei=nny6VNHvJ4HtUP-VhMAG&usg=AFQjCNF4KFDECZRXamQ1NiKhiMCeT-KByQ&sig2=FYhw7AIf8d4NpQDpdkSTUw&bvm=bv.83829542,d.d24&cad=rja" "Mozilla/5.0 (Windows NT 6.1; WOW64; rv:34.0) Gecko/20100101 Firefox/34.0" "www.thewhiteroom.co.in"
149.170.253.153 - - [17/Jan/2015:20:48:03 +0530] "GET /favicon.ico HTTP/1.1" 200 0 "-" "Mozilla/5.0 (Windows NT 6.1; WOW64; rv:34.0) Gecko/20100101 Firefox/34.0" "www.thewhiteroom.co.in"
31.184.238.152 - - [17/Jan/2015:20:48:34 +0530] "GET /logs/access.log HTTP/1.1" 200 124467 "http://1uallopurinol300mg.forumcircle.com" "Opera/9.80 (Windows NT 6.1; WOW64) Presto/2.12.388 Version/12.15" "www.thewhiteroom.co.in"
149.170.253.153 - - [17/Jan/2015:20:49:03 +0530] "GET /favicon.ico HTTP/1.1" 200 0 "-" "Mozilla/5.0 (Windows NT 6.1; WOW64; rv:34.0) Gecko/20100101 Firefox/34.0" "www.thewhiteroom.co.in"
149.170.253.153 - - [17/Jan/2015:20:49:31 +0530] "GET /favicon.ico HTTP/1.1" 200 0 "-" "Mozilla/5.0 (Windows NT 6.1; WOW64; rv:34.0) Gecko/20100101 Firefox/34.0" "www.thewhiteroom.co.in"
31.184.238.152 - - [17/Jan/2015:21:00:35 +0530] "GET /logs/access.log HTTP/1.1" 200 125068 "http://order-claritin-10mg-safely.soup.io" "Mozilla/5.0 (Windows NT 6.3; WOW64; rv:27.0) Gecko/20100101 Firefox/27.0" "www.thewhiteroom.co.in"
31.184.238.152 - - [17/Jan/2015:21:13:10 +0530] "GET /logs/access.log HTTP/1.1" 200 125303 "http://3pvfinpecia.forumcircle.com" "Mozilla/5.0 (Windows NT 5.1) AppleWebKit/537.36 (KHTML, like Gecko) Chrome/33.0.1750.146 Safari/537.36" "www.thewhiteroom.co.in"
31.184.238.152 - - [17/Jan/2015:21:25:10 +0530] "GET /logs/access.log HTTP/1.1" 200 125561 "http://buyesomeprazolewithoutprescription.soup.io" "Mozilla/5.0 (Windows NT 6.3; WOW64; rv:27.0) Gecko/20100101 Firefox/27.0" "www.thewhiteroom.co.in"
31.184.238.152 - - [17/Jan/2015:21:37:15 +0530] "GET /logs/access.log HTTP/1.1" 200 125804 "http://cycrin-5mg-order-no-prescription.soup.io" "Mozilla/5.0 (Windows NT 6.1; rv:27.0) Gecko/20100101 Firefox/27.0" "www.thewhiteroom.co.in"
31.184.238.152 - - [17/Jan/2015:21:49:29 +0530] "GET /logs/access.log HTTP/1.1" 200 126038 "http://serophene-50mg-order-online.soup.io" "Mozilla/5.0 (Windows NT 5.1) AppleWebKit/537.36 (KHTML, like Gecko) Chrome/33.0.1750.146 Safari/537.36" "www.thewhiteroom.co.in"
216.107.156.103 - - [17/Jan/2015:21:51:05 +0530] "GET /yahoo_site_admin/backup_july192014/logs/access_120813.log HTTP/1.1" 200 6341 "http://www.thewhiteroom.co.in/" "Mozilla/5.0 (Windows NT 5.1) AppleWebKit/537.36 (KHTML, like Gecko) Chrome/39.0.2171.99 Safari/537.36" "www.thewhiteroom.co.in"
194.50.116.162 - - [17/Jan/2015:22:00:35 +0530] "GET /wp-login.php HTTP/1.1" 200 1925 "-" "Mozilla/5.0 (Windows NT 5.1) AppleWebKit/537.1 (KHTML, like Gecko) Chrome/24.0.1290.1 Safari/537.13" "thewhiteroom.co.in"
194.50.116.162 - - [17/Jan/2015:22:00:39 +0530] "POST /wp-login.php HTTP/1.1" 200 2183 "-" "Mozilla/5.0 (Windows NT 5.1) AppleWebKit/537.1 (KHTML, like Gecko) Chrome/24.0.1290.1 Safari/537.13" "thewhiteroom.co.in"
31.184.238.152 - - [17/Jan/2015:22:01:26 +0530] "GET /logs/access.log HTTP/1.1" 200 127025 "http://salbutamol-4mg-buy-online.soup.io" "Mozilla/5.0 (Windows NT 6.3; WOW64; rv:27.0) Gecko/20100101 Firefox/27.0" "www.thewhiteroom.co.in"
31.184.238.152 - - [17/Jan/2015:22:13:11 +0530] "GET /logs/access.log HTTP/1.1" 200 127259 "http://orderalbenza400mgfastshipping.soup.io" "Mozilla/5.0 (Windows NT 6.1; WOW64) AppleWebKit/537.36 (KHTML, like Gecko) Chrome/32.0.1700.107 Safari/537.36" "www.thewhiteroom.co.in"