31.184.238.152 - - [17/Jan/2015:05:38:26 +0530] "GET /logs/access.log HTTP/1.1" 200 338992 "http://buy-chloromycetin-online.soup.io" "Mozilla/5.0 (Windows NT 6.1; WOW64; rv:26.0) Gecko/20100101 Firefox/26.0" "www.thewhiteroom.co.in"
31.184.238.152 - - [17/Jan/2015:05:50:43 +0530] "GET /logs/access.log HTTP/1.1" 200 233 "http://gravatar.com/ordernorgestimate50mgonlinequickdelivery" "Mozilla/5.0 (Windows NT 6.3; WOW64) AppleWebKit/537.36 (KHTML, like Gecko) Chrome/32.0.1700.76 Safari/537.36" "www.thewhiteroom.co.in"
31.184.238.152 - - [17/Jan/2015:06:03:06 +0530] "GET /logs/access.log HTTP/1.1" 200 520 "http://www.theknot.com/wedding/buy-clomiphene" "Mozilla/5.0 (Windows NT 6.1; WOW64; rv:27.0) Gecko/20100101 Firefox/27.0" "www.thewhiteroom.co.in"
31.184.238.152 - - [17/Jan/2015:06:15:21 +0530] "GET /logs/access.log HTTP/1.1" 200 756 "http://buyloxapineunitedstates.tumblr.com" "Mozilla/5.0 (Windows NT 5.1) AppleWebKit/537.36 (KHTML, like Gecko) Chrome/32.0.1700.107 Safari/537.36" "www.thewhiteroom.co.in"
180.64.114.39 - - [17/Jan/2015:06:27:17 +0530] "GET / HTTP/1.1" 200 3265 "-" "crawler4j (http://code.google.com/p/crawler4j/)" "www.thewhiteroom.co.in"
31.184.238.152 - - [17/Jan/2015:06:27:35 +0530] "GET /logs/access.log HTTP/1.1" 200 1170 "http://bisoprolol-order.soup.io" "Mozilla/5.0 (Windows NT 6.1; WOW64) AppleWebKit/537.36 (KHTML, like Gecko) Chrome/31.0.1650.63 Safari/537.36 OPR/18.0.1284.68" "www.thewhiteroom.co.in"
162.211.12.48 - - [17/Jan/2015:06:31:54 +0530] "GET /wp-login.php HTTP/1.1" 200 2968 "-" "Mozilla/5.0 (Windows NT 5.1; rv:29.0) Gecko/20100101 Firefox/29.0" "thewhiteroom.co.in"
162.211.12.48 - - [17/Jan/2015:06:31:56 +0530] "POST /wp-login.php HTTP/1.1" 200 3903 "-" "Mozilla/5.0 (Windows NT 5.1; rv:29.0) Gecko/20100101 Firefox/29.0" "thewhiteroom.co.in"
203.115.125.148 - - [17/Jan/2015:06:39:32 +0530] "GET /yahoo_site_admin/credentials/ HTTP/1.1" 200 932 "http://www.google.co.in/url?sa=t&rct=j&q=&esrc=s&source=web&cd=2&cad=rja&uact=8&ved=0CCQQFjAB&url=http%3A%2F%2Fwww.thewhiteroom.co.in%2Fyahoo_site_admin%2Fcredentials%2F&ei=Q7a5VOm6OIyQuATE8YCQCw&usg=AFQjCNGEzZrrf5qEjmUn5ED6849c4ibYSQ&sig2=pBwlHwWOZdQ-zPdbn958Fg" "Mozilla/5.0 (Windows NT 6.1; rv:34.0) Gecko/20100101 Firefox/34.0" "www.thewhiteroom.co.in"
203.115.125.148 - - [17/Jan/2015:06:39:34 +0530] "GET /favicon.ico HTTP/1.1" 200 0 "-" "Mozilla/5.0 (Windows NT 6.1; rv:34.0) Gecko/20100101 Firefox/34.0" "www.thewhiteroom.co.in"
203.115.125.148 - - [17/Jan/2015:06:39:34 +0530] "GET /favicon.ico HTTP/1.1" 200 0 "-" "Mozilla/5.0 (Windows NT 6.1; rv:34.0) Gecko/20100101 Firefox/34.0" "www.thewhiteroom.co.in"
203.115.125.148 - - [17/Jan/2015:06:39:35 +0530] "GET /yahoo_site_admin/credentials/db.conf HTTP/1.1" 200 670 "http://www.thewhiteroom.co.in/yahoo_site_admin/credentials/" "Mozilla/5.0 (Windows NT 6.1; rv:34.0) Gecko/20100101 Firefox/34.0" "www.thewhiteroom.co.in"
31.184.238.152 - - [17/Jan/2015:06:39:44 +0530] "GET /logs/access.log HTTP/1.1" 200 2889 "http://buy-cytoxan-online.soup.io" "Mozilla/5.0 (Windows NT 6.1) AppleWebKit/537.36 (KHTML, like Gecko) Chrome/32.0.1700.76 Safari/537.36" "www.thewhiteroom.co.in"
203.115.125.148 - - [17/Jan/2015:06:39:52 +0530] "GET / HTTP/1.1" 200 3265 "-" "Mozilla/5.0 (Windows NT 6.1; rv:34.0) Gecko/20100101 Firefox/34.0" "www.thewhiteroom.co.in"
203.115.125.148 - - [17/Jan/2015:06:39:53 +0530] "GET /wp-content/themes/WhiteRoom/style.css HTTP/1.1" 200 2864 "http://www.thewhiteroom.co.in/" "Mozilla/5.0 (Windows NT 6.1; rv:34.0) Gecko/20100101 Firefox/34.0" "www.thewhiteroom.co.in"
203.115.125.148 - - [17/Jan/2015:06:39:53 +0530] "GET /wp-includes/js/jquery/jquery-migrate.min.js?ver=1.2.1 HTTP/1.1" 200 3562 "http://www.thewhiteroom.co.in/" "Mozilla/5.0 (Windows NT 6.1; rv:34.0) Gecko/20100101 Firefox/34.0" "www.thewhiteroom.co.in"
203.115.125.148 - - [17/Jan/2015:06:39:53 +0530] "GET /wp-content/plugins/ultimate-preloader/js/ups.js?ver=4.0.1 HTTP/1.1" 200 2740 "http://www.thewhiteroom.co.in/" "Mozilla/5.0 (Windows NT 6.1; rv:34.0) Gecko/20100101 Firefox/34.0" "www.thewhiteroom.co.in"
203.115.125.148 - - [17/Jan/2015:06:39:55 +0530] "GET /wp-content/plugins/wordpress-ajax-posts-loader-master/js/byscripts_ajax_posts_loader.js?ver=1.0 HTTP/1.1" 200 1275 "http://www.thewhiteroom.co.in/" "Mozilla/5.0 (Windows NT 6.1; rv:34.0) Gecko/20100101 Firefox/34.0" "www.thewhiteroom.co.in"
203.115.125.148 - - [17/Jan/2015:06:39:58 +0530] "GET /wp-includes/js/jquery/jquery.js?ver=1.11.1 HTTP/1.1" 200 33760 "http://www.thewhiteroom.co.in/" "Mozilla/5.0 (Windows NT 6.1; rv:34.0) Gecko/20100101 Firefox/34.0" "www.thewhiteroom.co.in"
203.115.125.148 - - [17/Jan/2015:06:39:58 +0530] "GET /wp-content/uploads/2014/08/meditterinain.jpg HTTP/1.1" 200 61688 "http://www.thewhiteroom.co.in/" "Mozilla/5.0 (Windows NT 6.1; rv:34.0) Gecko/20100101 Firefox/34.0" "www.thewhiteroom.co.in"
203.115.125.148 - - [17/Jan/2015:06:39:58 +0530] "GET /wp-content/uploads/2014/08/organic.jpg HTTP/1.1" 200 33732 "http://www.thewhiteroom.co.in/" "Mozilla/5.0 (Windows NT 6.1; rv:34.0) Gecko/20100101 Firefox/34.0" "www.thewhiteroom.co.in"
203.115.125.148 - - [17/Jan/2015:06:39:58 +0530] "GET /wp-content/uploads/2014/08/E.jpg HTTP/1.1" 200 36025 "http://www.thewhiteroom.co.in/" "Mozilla/5.0 (Windows NT 6.1; rv:34.0) Gecko/20100101 Firefox/34.0" "www.thewhiteroom.co.in"
203.115.125.148 - - [17/Jan/2015:06:39:58 +0530] "GET /wp-content/uploads/2014/08/A.jpg HTTP/1.1" 200 21314 "http://www.thewhiteroom.co.in/" "Mozilla/5.0 (Windows NT 6.1; rv:34.0) Gecko/20100101 Firefox/34.0" "www.thewhiteroom.co.in"
203.115.125.148 - - [17/Jan/2015:06:39:58 +0530] "GET /wp-content/uploads/2014/08/I.jpg HTTP/1.1" 200 80530 "http://www.thewhiteroom.co.in/" "Mozilla/5.0 (Windows NT 6.1; rv:34.0) Gecko/20100101 Firefox/34.0" "www.thewhiteroom.co.in"
203.115.125.148 - - [17/Jan/2015:06:39:58 +0530] "GET /wp-content/uploads/2014/08/F.jpg HTTP/1.1" 200 31142 "http://www.thewhiteroom.co.in/" "Mozilla/5.0 (Windows NT 6.1; rv:34.0) Gecko/20100101 Firefox/34.0" "www.thewhiteroom.co.in"
203.115.125.148 - - [17/Jan/2015:06:39:58 +0530] "GET /wp-content/uploads/2014/08/D1.jpg HTTP/1.1" 200 41626 "http://www.thewhiteroom.co.in/" "Mozilla/5.0 (Windows NT 6.1; rv:34.0) Gecko/20100101 Firefox/34.0" "www.thewhiteroom.co.in"
203.115.125.148 - - [17/Jan/2015:06:39:58 +0530] "GET /wp-content/uploads/2014/08/G.jpg HTTP/1.1" 200 56609 "http://www.thewhiteroom.co.in/" "Mozilla/5.0 (Windows NT 6.1; rv:34.0) Gecko/20100101 Firefox/34.0" "www.thewhiteroom.co.in"
203.115.125.148 - - [17/Jan/2015:06:39:58 +0530] "GET /wp-content/uploads/2014/08/H.jpg HTTP/1.1" 200 27722 "http://www.thewhiteroom.co.in/" "Mozilla/5.0 (Windows NT 6.1; rv:34.0) Gecko/20100101 Firefox/34.0" "www.thewhiteroom.co.in"
203.115.125.148 - - [17/Jan/2015:06:39:59 +0530] "GET /wp-content/themes/WhiteRoom/font/landsdowne-webfont.woff HTTP/1.1" 200 23000 "http://www.thewhiteroom.co.in/wp-content/themes/WhiteRoom/style.css" "Mozilla/5.0 (Windows NT 6.1; rv:34.0) Gecko/20100101 Firefox/34.0" "www.thewhiteroom.co.in"
203.115.125.148 - - [17/Jan/2015:06:40:00 +0530] "GET / HTTP/1.1" 200 3265 "http://www.thewhiteroom.co.in/" "Mozilla/5.0 (Windows NT 6.1; rv:34.0) Gecko/20100101 Firefox/34.0" "www.thewhiteroom.co.in"
178.255.215.66 - - [17/Jan/2015:06:46:24 +0530] "GET /robots.txt HTTP/1.1" 200 620 "-" "Mozilla/5.0 (compatible; Exabot/3.0; +http://www.exabot.com/go/robot)" "www.thewhiteroom.co.in"
178.255.215.66 - - [17/Jan/2015:06:46:26 +0530] "GET / HTTP/1.1" 200 3265 "-" "Mozilla/5.0 (compatible; Exabot/3.0; +http://www.exabot.com/go/robot)" "www.thewhiteroom.co.in"
31.184.238.152 - - [17/Jan/2015:06:51:57 +0530] "GET /logs/access.log HTTP/1.1" 200 7585 "http://ordersimvastatin20mgonline.soup.io" "Mozilla/5.0 (Windows NT 5.1) AppleWebKit/537.36 (KHTML, like Gecko) Chrome/32.0.1700.107 Safari/537.36" "www.thewhiteroom.co.in"
31.184.238.152 - - [17/Jan/2015:07:04:05 +0530] "GET /logs/access.log HTTP/1.1" 200 7848 "http://buymetaxaloneonlinewithoutrx.soup.io" "Mozilla/5.0 (Windows NT 6.1; WOW64) AppleWebKit/537.36 (KHTML, like Gecko) Chrome/32.0.1700.107 Safari/537.36 OPR/19.0.1326.63" "www.thewhiteroom.co.in"
31.184.238.152 - - [17/Jan/2015:07:16:22 +0530] "GET /logs/access.log HTTP/1.1" 200 8137 "http://gravatar.com/noconckalracylting" "Mozilla/5.0 (Windows NT 6.1) AppleWebKit/537.36 (KHTML, like Gecko) Chrome/33.0.1750.117 Safari/537.36" "www.thewhiteroom.co.in"
204.44.92.46 - - [17/Jan/2015:07:20:28 +0530] "GET /yahoo_site_admin/backup_july192014/logs/access_120206.log HTTP/1.1" 200 2200 "http://www.thewhiteroom.co.in/" "Mozilla/5.0 (Windows NT 6.2; WOW64; rv:21.0) Gecko/20100101 Firefox/21.0" "www.thewhiteroom.co.in"
204.44.92.46 - - [17/Jan/2015:07:20:34 +0530] "GET /home.html HTTP/1.1" 404 3790 "http://www.thewhiteroom.co.in/yahoo_site_admin/backup_july192014/logs/access_120206.log" "Mozilla/5.0 (Windows NT 6.2; WOW64; rv:21.0) Gecko/20100101 Firefox/21.0" "www.thewhiteroom.co.in"
204.44.92.46 - - [17/Jan/2015:07:20:38 +0530] "GET / HTTP/1.1" 200 3265 "http://www.thewhiteroom.co.in/yahoo_site_admin/backup_july192014/logs/access_120206.log" "Mozilla/5.0 (Windows NT 6.2; WOW64; rv:21.0) Gecko/20100101 Firefox/21.0" "www.thewhiteroom.co.in"
204.44.92.46 - - [17/Jan/2015:07:20:41 +0530] "GET /wp-login.php?action=register HTTP/1.1" 302 5 "http://www.thewhiteroom.co.in" "Mozilla/5.0 (Windows NT 6.2; WOW64; rv:21.0) Gecko/20100101 Firefox/21.0" "www.thewhiteroom.co.in"
204.44.92.46 - - [17/Jan/2015:07:21:05 +0530] "GET /wp-login.php?registration=disabled HTTP/1.1" 200 1850 "http://www.thewhiteroom.co.in" "Mozilla/5.0 (Windows NT 6.2; WOW64; rv:21.0) Gecko/20100101 Firefox/21.0" "www.thewhiteroom.co.in"
77.245.70.37 - - [17/Jan/2015:07:23:34 +0530] "GET /yahoo_site_admin/credentials/ HTTP/1.1" 200 932 "https://www.google.com/" "Mozilla/5.0 (Windows NT 6.1) AppleWebKit/537.36 (KHTML, like Gecko) Chrome/39.0.2171.99 Safari/537.36" "www.thewhiteroom.co.in"
180.76.6.56 - - [17/Jan/2015:07:25:21 +0530] "GET /studio-apartment/feed/ HTTP/1.1" 200 1062 "-" "Mozilla/5.0 (compatible; Baiduspider/2.0; +http://www.baidu.com/search/spider.html)" "www.thewhiteroom.co.in"
31.184.238.152 - - [17/Jan/2015:07:28:44 +0530] "GET /logs/access.log HTTP/1.1" 200 10122 "http://www.theknot.com/wedding/cheap-and-venlafaxine" "Opera/9.80 (Windows NT 6.1; WOW64) Presto/2.12.388 Version/12.16" "www.thewhiteroom.co.in"
192.99.107.172 - - [17/Jan/2015:07:29:40 +0530] "GET /robots.txt HTTP/1.1" 200 620 "-" "Mozilla/5.0 (compatible; meanpathbot/1.0; +http://www.meanpath.com/meanpathbot.html)" "www.thewhiteroom.co.in"
192.99.107.172 - - [17/Jan/2015:07:29:44 +0530] "GET / HTTP/1.1" 200 3265 "-" "Mozilla/5.0 (compatible; meanpathbot/1.0; +http://www.meanpath.com/meanpathbot.html)" "www.thewhiteroom.co.in"
31.184.238.152 - - [17/Jan/2015:07:41:05 +0530] "GET /logs/access.log HTTP/1.1" 200 10748 "http://ve1artane2mg.forumcircle.com" "Mozilla/5.0 (Windows NT 6.1; WOW64) AppleWebKit/537.36 (KHTML, like Gecko) Chrome/31.0.1650.63 Safari/537.36 OPR/18.0.1284.68" "www.thewhiteroom.co.in"
31.184.238.152 - - [17/Jan/2015:07:55:04 +0530] "GET /logs/access.log HTTP/1.1" 200 11029 "http://gravatar.com/orderaeroventbelgium" "Mozilla/5.0 (Windows NT 5.1) AppleWebKit/537.36 (KHTML, like Gecko) Chrome/32.0.1700.107 Safari/537.36" "www.thewhiteroom.co.in"
194.50.116.162 - - [17/Jan/2015:07:57:14 +0530] "GET /wp-login.php HTTP/1.1" 200 1925 "-" "Mozilla/5.0 (Windows NT 5.1) AppleWebKit/537.1 (KHTML, like Gecko) Chrome/24.0.1290.1 Safari/537.13" "thewhiteroom.co.in"
194.50.116.162 - - [17/Jan/2015:07:57:17 +0530] "POST /wp-login.php HTTP/1.1" 200 2183 "-" "Mozilla/5.0 (Windows NT 5.1) AppleWebKit/537.1 (KHTML, like Gecko) Chrome/24.0.1290.1 Safari/537.13" "thewhiteroom.co.in"
184.98.77.222 - - [17/Jan/2015:08:00:57 +0530] "GET /wp-login.php HTTP/1.1" 200 2968 "-" "Mozilla/5.0 (Windows NT 5.1; rv:29.0) Gecko/20100101 Firefox/29.0" "thewhiteroom.co.in"
184.98.77.222 - - [17/Jan/2015:08:01:04 +0530] "POST /wp-login.php HTTP/1.1" 200 3903 "-" "Mozilla/5.0 (Windows NT 5.1; rv:29.0) Gecko/20100101 Firefox/29.0" "thewhiteroom.co.in"
31.184.238.152 - - [17/Jan/2015:08:06:07 +0530] "GET /logs/access.log HTTP/1.1" 200 12076 "http://risperidone-4mg-order-online.tumblr.com" "Mozilla/5.0 (Windows NT 6.2; WOW64) AppleWebKit/537.36 (KHTML, like Gecko) Chrome/32.0.1700.76 Safari/537.36" "www.thewhiteroom.co.in"
31.184.238.152 - - [17/Jan/2015:08:18:52 +0530] "GET /logs/access.log HTTP/1.1" 200 12351 "http://gravatar.com/buyperindopril2015" "Mozilla/5.0 (Windows NT 5.1) AppleWebKit/537.36 (KHTML, like Gecko) Chrome/32.0.1700.102 Safari/537.36" "www.thewhiteroom.co.in"
104.194.90.112 - - [17/Jan/2015:08:21:45 +0530] "GET /logs/access.log HTTP/1.1" 200 2652 "http://www.thewhiteroom.co.in/" "Mozilla/5.0 (Windows NT 6.2; WOW64; rv:22.0) Gecko/20100101 Firefox/22.0" "www.thewhiteroom.co.in"
31.184.238.152 - - [17/Jan/2015:08:31:34 +0530] "GET /logs/access.log HTTP/1.1" 200 12834 "http://gravatar.com/5ndigoxin" "Mozilla/5.0 (Windows NT 5.1; rv:26.0) Gecko/20100101 Firefox/26.0" "www.thewhiteroom.co.in"
31.184.238.152 - - [17/Jan/2015:08:44:22 +0530] "GET /logs/access.log HTTP/1.1" 200 13049 "http://ordereloconnz.soup.io" "Mozilla/5.0 (Windows NT 5.1; rv:26.0) Gecko/20100101 Firefox/26.0" "www.thewhiteroom.co.in"
31.184.238.152 - - [17/Jan/2015:08:57:34 +0530] "GET /logs/access.log HTTP/1.1" 200 13263 "http://benicar20mg1m.forumcircle.com" "Mozilla/5.0 (Windows NT 6.1; WOW64) AppleWebKit/537.36 (KHTML, like Gecko) Chrome/30.0.1599.12785 YaBrowser/13.12.1599.12785 Safari/537.36" "www.thewhiteroom.co.in"
23.95.93.133 - - [17/Jan/2015:08:59:08 +0530] "GET /yahoo_site_admin/backup_july192014/logs/access_120813.log HTTP/1.1" 200 6341 "http://www.thewhiteroom.co.in/" "Mozilla/5.0 (Windows NT 6.2; WOW64; rv:22.0) Gecko/20100101 Firefox/22.0" "www.thewhiteroom.co.in"
216.170.116.12 - - [17/Jan/2015:09:03:13 +0530] "GET /logs/access.log HTTP/1.1" 200 2810 "http://www.thewhiteroom.co.in/" "Mozilla/5.0 (Windows NT 6.2; WOW64; rv:21.0) Gecko/20100101 Firefox/21.0" "www.thewhiteroom.co.in"
216.170.116.12 - - [17/Jan/2015:09:03:13 +0530] "GET /yahoo_site_admin/credentials/ HTTP/1.1" 200 818 "http://www.thewhiteroom.co.in/logs/access.log" "Mozilla/5.0 (Windows NT 6.2; WOW64; rv:21.0) Gecko/20100101 Firefox/21.0" "www.thewhiteroom.co.in"
93.54.90.112 - - [17/Jan/2015:09:04:08 +0530] "POST /wp-login.php HTTP/1.1" 200 2023 "http://www.thewhiteroom.co.in/wp-login.php" "Mozilla/5.0 (Windows NT 6.1) AppleWebKit/537.22 (KHTML like Gecko) Chrome/25.0.1364.152 Safari/537.22" "www.thewhiteroom.co.in"
93.61.52.132 - - [17/Jan/2015:09:04:11 +0530] "POST /wp-login.php HTTP/1.1" 200 2023 "http://www.thewhiteroom.co.in/wp-login.php" "Mozilla/5.0 (Windows NT 6.1) AppleWebKit/537.36 (KHTML like Gecko) Chrome/27.0.1453.116 Safari/537.36" "www.thewhiteroom.co.in"
78.4.115.110 - - [17/Jan/2015:09:04:11 +0530] "POST /wp-login.php HTTP/1.1" 200 2023 "http://www.thewhiteroom.co.in/wp-login.php" "Mozilla/5.0 (Windows NT 6.1; WOW64) AppleWebKit/537.4 (KHTML like Gecko) Chrome/22.0.1229.79 Safari/537.4" "www.thewhiteroom.co.in"
78.4.228.70 - - [17/Jan/2015:09:04:13 +0530] "POST /wp-login.php HTTP/1.1" 200 2023 "http://www.thewhiteroom.co.in/wp-login.php" "Mozilla/5.0 (Windows NT 6.2; WOW64; rv:21.0) Gecko/20100101 Firefox/21.0" "www.thewhiteroom.co.in"
78.4.177.110 - - [17/Jan/2015:09:04:15 +0530] "POST /wp-login.php HTTP/1.1" 200 2023 "http://www.thewhiteroom.co.in/wp-login.php" "Mozilla/5.0 (Windows NT 6.1; WOW64) AppleWebKit/537.36 (KHTML like Gecko) Chrome/32.0.1700.72 Safari/537.36" "www.thewhiteroom.co.in"
31.184.238.152 - - [17/Jan/2015:09:10:05 +0530] "GET /logs/access.log HTTP/1.1" 200 15567 "http://ordervoltarencheap.soup.io" "Mozilla/5.0 (Windows NT 6.3; WOW64) AppleWebKit/537.36 (KHTML, like Gecko) Chrome/33.0.1750.117 Safari/537.36" "www.thewhiteroom.co.in"
194.50.116.162 - - [17/Jan/2015:09:15:15 +0530] "GET /wp-login.php HTTP/1.1" 200 1925 "-" "Mozilla/5.0 (Windows NT 5.1) AppleWebKit/537.1 (KHTML, like Gecko) Chrome/24.0.1290.1 Safari/537.13" "thewhiteroom.co.in"
194.50.116.162 - - [17/Jan/2015:09:15:15 +0530] "GET /wp-login.php HTTP/1.1" 200 1925 "-" "Mozilla/5.0 (Windows NT 5.1) AppleWebKit/537.1 (KHTML, like Gecko) Chrome/24.0.1290.1 Safari/537.13" "thewhiteroom.co.in"
194.50.116.162 - - [17/Jan/2015:09:15:16 +0530] "POST /wp-login.php HTTP/1.1" 200 2183 "-" "Mozilla/5.0 (Windows NT 5.1) AppleWebKit/537.1 (KHTML, like Gecko) Chrome/24.0.1290.1 Safari/537.13" "thewhiteroom.co.in"
31.184.238.152 - - [17/Jan/2015:09:22:57 +0530] "GET /logs/access.log HTTP/1.1" 200 16470 "http://buyzyvox600mgonlineeurope.soup.io" "Mozilla/5.0 (Windows NT 6.1; WOW64) AppleWebKit/537.36 (KHTML, like Gecko) Chrome/30.0.1599.13014 YaBrowser/13.12.1599.13014 Safari/537.36" "www.thewhiteroom.co.in"
23.94.54.182 - - [17/Jan/2015:09:30:22 +0530] "GET /logs/access.log HTTP/1.1" 200 3076 "http://www.thewhiteroom.co.in/" "Mozilla/5.0 (Windows NT 6.2; WOW64; rv:21.0) Gecko/20100101 Firefox/21.0" "www.thewhiteroom.co.in"
31.184.238.152 - - [17/Jan/2015:09:36:02 +0530] "GET /logs/access.log HTTP/1.1" 200 16989 "http://gravatar.com/buymethocarbamolonline247" "Mozilla/5.0 (Windows NT 5.1; rv:27.0) Gecko/20100101 Firefox/27.0" "www.thewhiteroom.co.in"
31.184.238.152 - - [17/Jan/2015:09:49:07 +0530] "GET /logs/access.log HTTP/1.1" 200 17220 "http://buydimenhydrinate50mgcheap.soup.io" "Mozilla/5.0 (Windows NT 6.1) AppleWebKit/537.36 (KHTML, like Gecko) Chrome/30.0.1599.12785 YaBrowser/13.12.1599.12785 Safari/537.36" "www.thewhiteroom.co.in"
31.184.238.152 - - [17/Jan/2015:10:02:10 +0530] "GET /logs/access.log HTTP/1.1" 200 17513 "http://orderzybanwithoutscript.soup.io" "Mozilla/5.0 (Windows NT 5.1; rv:26.0) Gecko/20100101 Firefox/26.0" "www.thewhiteroom.co.in"
60.254.18.123 - - [17/Jan/2015:10:04:54 +0530] "GET /wp-admin HTTP/1.1" 301 102 "-" "Mozilla/5.0 (Macintosh; Intel Mac OS X 10_10_1) AppleWebKit/600.2.5 (KHTML, like Gecko) Version/8.0.2 Safari/600.2.5" "www.thewhiteroom.co.in"
60.254.18.123 - - [17/Jan/2015:10:04:56 +0530] "GET /wp-admin/ HTTP/1.1" 302 5 "-" "Mozilla/5.0 (Macintosh; Intel Mac OS X 10_10_1) AppleWebKit/600.2.5 (KHTML, like Gecko) Version/8.0.2 Safari/600.2.5" "www.thewhiteroom.co.in"
60.254.18.123 - - [17/Jan/2015:10:04:57 +0530] "GET /wp-login.php?redirect_to=http%3A%2F%2Fwww.thewhiteroom.co.in%2Fwp-admin%2F&reauth=1 HTTP/1.1" 200 3385 "-" "Mozilla/5.0 (Macintosh; Intel Mac OS X 10_10_1) AppleWebKit/600.2.5 (KHTML, like Gecko) Version/8.0.2 Safari/600.2.5" "www.thewhiteroom.co.in"
60.254.18.123 - - [17/Jan/2015:10:04:58 +0530] "GET /wp-admin/ HTTP/1.1" 302 5 "-" "Mozilla/5.0 (iPhone; CPU iPhone OS 8_1 like Mac OS X) AppleWebKit/600.1.4 (KHTML, like Gecko) Version/8.0 Mobile/12B410 Safari/600.1.4" "www.thewhiteroom.co.in"
60.254.18.123 - - [17/Jan/2015:10:04:58 +0530] "GET /wp-login.php?redirect_to=http%3A%2F%2Fwww.thewhiteroom.co.in%2Fwp-admin%2F&reauth=1 HTTP/1.1" 200 3413 "-" "Mozilla/5.0 (iPhone; CPU iPhone OS 8_1 like Mac OS X) AppleWebKit/600.1.4 (KHTML, like Gecko) Version/8.0 Mobile/12B410 Safari/600.1.4" "www.thewhiteroom.co.in"
60.254.18.123 - - [17/Jan/2015:10:05:00 +0530] "GET /apple-touch-icon-precomposed.png HTTP/1.1" 404 3887 "-" "com.apple.WebKit.WebContent/10600.2.5 CFNetwork/720.1.1 Darwin/14.0.0 (x86_64)" "www.thewhiteroom.co.in"
60.254.18.123 - - [17/Jan/2015:10:05:01 +0530] "GET /apple-touch-icon.png HTTP/1.1" 404 3839 "-" "com.apple.WebKit.WebContent/10600.2.5 CFNetwork/720.1.1 Darwin/14.0.0 (x86_64)" "www.thewhiteroom.co.in"
60.254.18.123 - - [17/Jan/2015:10:05:04 +0530] "GET /favicon.ico HTTP/1.1" 200 0 "http://www.thewhiteroom.co.in/wp-login.php?redirect_to=http%3A%2F%2Fwww.thewhiteroom.co.in%2Fwp-admin%2F&reauth=1" "Mozilla/5.0 (Macintosh; Intel Mac OS X 10_10_1) AppleWebKit/600.2.5 (KHTML, like Gecko) Version/8.0.2 Safari/600.2.5" "www.thewhiteroom.co.in"
31.184.238.152 - - [17/Jan/2015:10:15:07 +0530] "GET /logs/access.log HTTP/1.1" 200 19822 "http://ggrchlorzoxazone.over-blog.com" "Mozilla/5.0 (Windows NT 6.1) AppleWebKit/537.36 (KHTML, like Gecko) Chrome/32.0.1700.107 Safari/537.36" "www.thewhiteroom.co.in"
195.154.102.231 - - [17/Jan/2015:10:18:02 +0530] "GET /upcoming-projects/ HTTP/1.1" 200 8412 "-" "Mozilla/5.0 (Windows NT 6.1; WOW64; rv:12.0) Gecko/20100101 Firefox/12.0" "www.thewhiteroom.co.in"
31.184.238.152 - - [17/Jan/2015:10:28:05 +0530] "GET /logs/access.log HTTP/1.1" 200 20279 "http://buytrileptal.soup.io" "Mozilla/5.0 (Windows NT 6.3; WOW64) AppleWebKit/537.36 (KHTML, like Gecko) Chrome/32.0.1700.107 Safari/537.36" "www.thewhiteroom.co.in"
180.215.128.206 - - [17/Jan/2015:10:29:50 +0530] "GET / HTTP/1.1" 200 3379 "https://www.google.co.in/" "Mozilla/5.0 (Windows NT 6.1) AppleWebKit/537.36 (KHTML, like Gecko) Chrome/39.0.2171.99 Safari/537.36" "www.thewhiteroom.co.in"
180.215.128.206 - - [17/Jan/2015:10:29:51 +0530] "GET /wp-content/themes/WhiteRoom/style.css HTTP/1.1" 200 2864 "http://www.thewhiteroom.co.in/" "Mozilla/5.0 (Windows NT 6.1) AppleWebKit/537.36 (KHTML, like Gecko) Chrome/39.0.2171.99 Safari/537.36" "www.thewhiteroom.co.in"
180.215.128.206 - - [17/Jan/2015:10:29:51 +0530] "GET /wp-includes/js/jquery/jquery.js?ver=1.11.1 HTTP/1.1" 200 33760 "http://www.thewhiteroom.co.in/" "Mozilla/5.0 (Windows NT 6.1) AppleWebKit/537.36 (KHTML, like Gecko) Chrome/39.0.2171.99 Safari/537.36" "www.thewhiteroom.co.in"
180.215.128.206 - - [17/Jan/2015:10:29:51 +0530] "GET /wp-includes/js/jquery/jquery-migrate.min.js?ver=1.2.1 HTTP/1.1" 200 3562 "http://www.thewhiteroom.co.in/" "Mozilla/5.0 (Windows NT 6.1) AppleWebKit/537.36 (KHTML, like Gecko) Chrome/39.0.2171.99 Safari/537.36" "www.thewhiteroom.co.in"
180.215.128.206 - - [17/Jan/2015:10:29:51 +0530] "GET /wp-content/plugins/wordpress-ajax-posts-loader-master/js/byscripts_ajax_posts_loader.js?ver=1.0 HTTP/1.1" 200 1275 "http://www.thewhiteroom.co.in/" "Mozilla/5.0 (Windows NT 6.1) AppleWebKit/537.36 (KHTML, like Gecko) Chrome/39.0.2171.99 Safari/537.36" "www.thewhiteroom.co.in"
180.215.128.206 - - [17/Jan/2015:10:29:51 +0530] "GET /wp-content/plugins/ultimate-preloader/js/ups.js?ver=4.0.1 HTTP/1.1" 200 2740 "http://www.thewhiteroom.co.in/" "Mozilla/5.0 (Windows NT 6.1) AppleWebKit/537.36 (KHTML, like Gecko) Chrome/39.0.2171.99 Safari/537.36" "www.thewhiteroom.co.in"
180.215.128.206 - - [17/Jan/2015:10:29:51 +0530] "GET /wp-content/uploads/2014/08/A.jpg HTTP/1.1" 200 21314 "http://www.thewhiteroom.co.in/" "Mozilla/5.0 (Windows NT 6.1) AppleWebKit/537.36 (KHTML, like Gecko) Chrome/39.0.2171.99 Safari/537.36" "www.thewhiteroom.co.in"
180.215.128.206 - - [17/Jan/2015:10:29:52 +0530] "GET /wp-content/uploads/2014/08/D1.jpg HTTP/1.1" 200 41626 "http://www.thewhiteroom.co.in/" "Mozilla/5.0 (Windows NT 6.1) AppleWebKit/537.36 (KHTML, like Gecko) Chrome/39.0.2171.99 Safari/537.36" "www.thewhiteroom.co.in"
180.215.128.206 - - [17/Jan/2015:10:29:52 +0530] "GET /wp-content/uploads/2014/08/meditterinain.jpg HTTP/1.1" 200 61688 "http://www.thewhiteroom.co.in/" "Mozilla/5.0 (Windows NT 6.1) AppleWebKit/537.36 (KHTML, like Gecko) Chrome/39.0.2171.99 Safari/537.36" "www.thewhiteroom.co.in"
180.215.128.206 - - [17/Jan/2015:10:29:52 +0530] "GET /wp-content/uploads/2014/08/organic.jpg HTTP/1.1" 200 33732 "http://www.thewhiteroom.co.in/" "Mozilla/5.0 (Windows NT 6.1) AppleWebKit/537.36 (KHTML, like Gecko) Chrome/39.0.2171.99 Safari/537.36" "www.thewhiteroom.co.in"
180.215.128.206 - - [17/Jan/2015:10:29:52 +0530] "GET /wp-content/uploads/2014/08/E.jpg HTTP/1.1" 200 36025 "http://www.thewhiteroom.co.in/" "Mozilla/5.0 (Windows NT 6.1) AppleWebKit/537.36 (KHTML, like Gecko) Chrome/39.0.2171.99 Safari/537.36" "www.thewhiteroom.co.in"
180.215.128.206 - - [17/Jan/2015:10:29:52 +0530] "GET /wp-content/themes/WhiteRoom/font/landsdowne-webfont.woff HTTP/1.1" 200 23000 "http://www.thewhiteroom.co.in/wp-content/themes/WhiteRoom/style.css" "Mozilla/5.0 (Windows NT 6.1) AppleWebKit/537.36 (KHTML, like Gecko) Chrome/39.0.2171.99 Safari/537.36" "www.thewhiteroom.co.in"
180.215.128.206 - - [17/Jan/2015:10:29:53 +0530] "HEAD /wp-content/uploads/2014/08/H.jpg HTTP/1.1" 200 0 "http://www.thewhiteroom.co.in/" "Mozilla/5.0 (Windows NT 6.1) AppleWebKit/537.36 (KHTML, like Gecko) Chrome/39.0.2171.99 Safari/537.36" "www.thewhiteroom.co.in"
180.215.128.206 - - [17/Jan/2015:10:29:53 +0530] "HEAD /wp-content/uploads/2014/08/I.jpg HTTP/1.1" 200 0 "http://www.thewhiteroom.co.in/" "Mozilla/5.0 (Windows NT 6.1) AppleWebKit/537.36 (KHTML, like Gecko) Chrome/39.0.2171.99 Safari/537.36" "www.thewhiteroom.co.in"
180.215.128.206 - - [17/Jan/2015:10:29:53 +0530] "HEAD /wp-content/themes/WhiteRoom/images/twitter.png HTTP/1.1" 200 0 "http://www.thewhiteroom.co.in/" "Mozilla/5.0 (Windows NT 6.1) AppleWebKit/537.36 (KHTML, like Gecko) Chrome/39.0.2171.99 Safari/537.36" "www.thewhiteroom.co.in"
180.215.128.206 - - [17/Jan/2015:10:29:53 +0530] "HEAD /wp-content/themes/WhiteRoom/images/facebook.png HTTP/1.1" 200 0 "http://www.thewhiteroom.co.in/" "Mozilla/5.0 (Windows NT 6.1) AppleWebKit/537.36 (KHTML, like Gecko) Chrome/39.0.2171.99 Safari/537.36" "www.thewhiteroom.co.in"
180.215.128.206 - - [17/Jan/2015:10:29:53 +0530] "HEAD /wp-content/themes/WhiteRoom/images/pinterest.png HTTP/1.1" 200 0 "http://www.thewhiteroom.co.in/" "Mozilla/5.0 (Windows NT 6.1) AppleWebKit/537.36 (KHTML, like Gecko) Chrome/39.0.2171.99 Safari/537.36" "www.thewhiteroom.co.in"
180.215.128.206 - - [17/Jan/2015:10:29:53 +0530] "GET /wp-content/uploads/2014/08/F.jpg HTTP/1.1" 200 31142 "http://www.thewhiteroom.co.in/" "Mozilla/5.0 (Windows NT 6.1) AppleWebKit/537.36 (KHTML, like Gecko) Chrome/39.0.2171.99 Safari/537.36" "www.thewhiteroom.co.in"
180.215.128.206 - - [17/Jan/2015:10:29:53 +0530] "GET /wp-content/uploads/2014/08/G.jpg HTTP/1.1" 200 56609 "http://www.thewhiteroom.co.in/" "Mozilla/5.0 (Windows NT 6.1) AppleWebKit/537.36 (KHTML, like Gecko) Chrome/39.0.2171.99 Safari/537.36" "www.thewhiteroom.co.in"
180.215.128.206 - - [17/Jan/2015:10:29:54 +0530] "GET /wp-content/uploads/2014/08/H.jpg HTTP/1.1" 200 27722 "http://www.thewhiteroom.co.in/" "Mozilla/5.0 (Windows NT 6.1) AppleWebKit/537.36 (KHTML, like Gecko) Chrome/39.0.2171.99 Safari/537.36" "www.thewhiteroom.co.in"
180.215.128.206 - - [17/Jan/2015:10:29:54 +0530] "GET /wp-content/uploads/2014/08/I.jpg HTTP/1.1" 200 80530 "http://www.thewhiteroom.co.in/" "Mozilla/5.0 (Windows NT 6.1) AppleWebKit/537.36 (KHTML, like Gecko) Chrome/39.0.2171.99 Safari/537.36" "www.thewhiteroom.co.in"
180.215.128.206 - - [17/Jan/2015:10:29:54 +0530] "GET / HTTP/1.1" 200 3265 "http://www.thewhiteroom.co.in/" "Mozilla/5.0 (Windows NT 6.1) AppleWebKit/537.36 (KHTML, like Gecko) Chrome/39.0.2171.99 Safari/537.36" "www.thewhiteroom.co.in"
180.215.128.206 - - [17/Jan/2015:10:29:54 +0530] "GET /wp-content/themes/WhiteRoom/images/facebook.png HTTP/1.1" 200 2951 "http://www.thewhiteroom.co.in/" "Mozilla/5.0 (Windows NT 6.1) AppleWebKit/537.36 (KHTML, like Gecko) Chrome/39.0.2171.99 Safari/537.36" "www.thewhiteroom.co.in"
180.215.128.206 - - [17/Jan/2015:10:29:55 +0530] "GET /wp-content/themes/WhiteRoom/images/twitter.png HTTP/1.1" 200 3159 "http://www.thewhiteroom.co.in/" "Mozilla/5.0 (Windows NT 6.1) AppleWebKit/537.36 (KHTML, like Gecko) Chrome/39.0.2171.99 Safari/537.36" "www.thewhiteroom.co.in"
180.215.128.206 - - [17/Jan/2015:10:29:55 +0530] "GET /wp-content/themes/WhiteRoom/images/pinterest.png HTTP/1.1" 200 3399 "http://www.thewhiteroom.co.in/" "Mozilla/5.0 (Windows NT 6.1) AppleWebKit/537.36 (KHTML, like Gecko) Chrome/39.0.2171.99 Safari/537.36" "www.thewhiteroom.co.in"
180.215.128.206 - - [17/Jan/2015:10:30:41 +0530] "GET /favicon.ico HTTP/1.1" 200 0 "-" "Mozilla/5.0 (Windows NT 6.1) AppleWebKit/537.36 (KHTML, like Gecko) Chrome/39.0.2171.99 Safari/537.36" "www.thewhiteroom.co.in"
180.215.128.206 - - [17/Jan/2015:10:31:05 +0530] "GET /contact/ HTTP/1.1" 200 2314 "http://www.thewhiteroom.co.in/" "Mozilla/5.0 (Windows NT 6.1) AppleWebKit/537.36 (KHTML, like Gecko) Chrome/39.0.2171.99 Safari/537.36" "www.thewhiteroom.co.in"