59.182.183.98 - - [17/Jan/2015:12:15:38 +0530] "GET /favicon.ico HTTP/1.1" 200 0 "-" "Mozilla/5.0 (Windows NT 6.3; WOW64) AppleWebKit/537.36 (KHTML, like Gecko) Chrome/39.0.2171.99 Safari/537.36" "www.thewhiteroom.co.in"
59.182.183.98 - - [17/Jan/2015:12:15:41 +0530] "GET /favicon.ico HTTP/1.1" 200 0 "-" "Mozilla/5.0 (Windows NT 6.3; WOW64) AppleWebKit/537.36 (KHTML, like Gecko) Chrome/39.0.2171.99 Safari/537.36" "www.thewhiteroom.co.in"
79.133.217.242 - - [17/Jan/2015:12:41:59 +0530] "GET /yahoo_site_admin/backup_july192014/logs/access_101115.log HTTP/1.1" 200 1654 "http://www.thewhiteroom.co.in/" "Mozilla/5.0 (Windows NT 6.2; WOW64; rv:22.0) Gecko/20100101 Firefox/22.0" "www.thewhiteroom.co.in"
180.251.106.251 - - [17/Jan/2015:12:45:06 +0530] "GET /yahoo_site_admin/credentials/ HTTP/1.1" 200 762 "http://www.google.com/url?sa=t&rct=j&q=&esrc=s&source=web&cd=5&cad=rja&uact=8&ved=0CDMQFjAE&url=http%3A%2F%2Fwww.thewhiteroom.co.in%2Fyahoo_site_admin%2Fcredentials%2F&ei=5Qu6VKTWO8i2uATQuoCIBw&usg=AFQjCNGEzZrrf5qEjmUn5ED6849c4ibYSQ&bvm=bv.83829542,d.c2E" "Mozilla/5.0 (Windows NT 6.1; rv:35.0) Gecko/20100101 Firefox/35.0" "www.thewhiteroom.co.in"
180.251.106.251 - - [17/Jan/2015:12:45:14 +0530] "GET /favicon.ico HTTP/1.1" 200 0 "-" "Mozilla/5.0 (Windows NT 6.1; rv:35.0) Gecko/20100101 Firefox/35.0" "www.thewhiteroom.co.in"
180.251.106.251 - - [17/Jan/2015:12:45:14 +0530] "GET /favicon.ico HTTP/1.1" 200 0 "-" "Mozilla/5.0 (Windows NT 6.1; rv:35.0) Gecko/20100101 Firefox/35.0" "www.thewhiteroom.co.in"
180.251.106.251 - - [17/Jan/2015:12:45:20 +0530] "GET /yahoo_site_admin/ HTTP/1.1" 200 2386 "http://www.thewhiteroom.co.in/yahoo_site_admin/credentials/" "Mozilla/5.0 (Windows NT 6.1; rv:35.0) Gecko/20100101 Firefox/35.0" "www.thewhiteroom.co.in"
180.251.106.251 - - [17/Jan/2015:12:45:32 +0530] "GET /yahoo_site_admin/backup_july192014/ HTTP/1.1" 200 774 "http://www.thewhiteroom.co.in/yahoo_site_admin/" "Mozilla/5.0 (Windows NT 6.1; rv:35.0) Gecko/20100101 Firefox/35.0" "www.thewhiteroom.co.in"
180.251.106.251 - - [17/Jan/2015:12:45:36 +0530] "GET /yahoo_site_admin/backup_july192014/logs/ HTTP/1.1" 200 69105 "http://www.thewhiteroom.co.in/yahoo_site_admin/backup_july192014/" "Mozilla/5.0 (Windows NT 6.1; rv:35.0) Gecko/20100101 Firefox/35.0" "www.thewhiteroom.co.in"
180.251.106.251 - - [17/Jan/2015:12:46:00 +0530] "GET /yahoo_site_admin/backup_july192014/logs/access.log HTTP/1.1" 200 149937 "http://www.thewhiteroom.co.in/yahoo_site_admin/backup_july192014/logs/" "Mozilla/5.0 (Windows NT 6.1; rv:35.0) Gecko/20100101 Firefox/35.0" "www.thewhiteroom.co.in"
194.50.116.162 - - [17/Jan/2015:12:52:36 +0530] "GET /wp-login.php HTTP/1.1" 200 1925 "-" "Mozilla/5.0 (Windows NT 5.1) AppleWebKit/537.1 (KHTML, like Gecko) Chrome/24.0.1290.1 Safari/537.13" "thewhiteroom.co.in"
194.50.116.162 - - [17/Jan/2015:12:52:38 +0530] "POST /wp-login.php HTTP/1.1" 200 2183 "-" "Mozilla/5.0 (Windows NT 5.1) AppleWebKit/537.1 (KHTML, like Gecko) Chrome/24.0.1290.1 Safari/537.13" "thewhiteroom.co.in"
106.10.186.10 - - [17/Jan/2015:12:52:42 +0530] "POST /wp-cron.php?doing_wp_cron=1421479355.2778360843658447265625 HTTP/1.1" 200 5 "-" "WordPress/4.0.1; http://www.thewhiteroom.co.in" "www.thewhiteroom.co.in"
123.125.71.26 - - [17/Jan/2015:13:44:58 +0530] "GET /yahoo_site_admin/backup_july192014/logs/access_140704.log HTTP/1.1" 304 - "-" "Mozilla/5.0 (compatible; Baiduspider/2.0; +http://www.baidu.com/search/spider.html)" "www.thewhiteroom.co.in"
14.194.95.90 - - [17/Jan/2015:14:23:15 +0530] "GET /yahoo_site_admin/credentials/ HTTP/1.1" 200 932 "https://www.google.co.in/" "Mozilla/5.0 (Windows NT 6.1; WOW64) AppleWebKit/537.36 (KHTML, like Gecko) Chrome/39.0.2171.99 Safari/537.36" "www.thewhiteroom.co.in"
14.194.95.90 - - [17/Jan/2015:14:23:19 +0530] "GET /favicon.ico HTTP/1.1" 200 0 "-" "Mozilla/5.0 (Windows NT 6.1; WOW64) AppleWebKit/537.36 (KHTML, like Gecko) Chrome/39.0.2171.99 Safari/537.36" "www.thewhiteroom.co.in"
14.194.95.90 - - [17/Jan/2015:14:23:30 +0530] "GET /yahoo_site_admin/credentials/db.conf HTTP/1.1" 200 670 "http://www.thewhiteroom.co.in/yahoo_site_admin/credentials/" "Mozilla/5.0 (Windows NT 6.1; WOW64) AppleWebKit/537.36 (KHTML, like Gecko) Chrome/39.0.2171.99 Safari/537.36" "www.thewhiteroom.co.in"
14.194.95.90 - - [17/Jan/2015:14:23:31 +0530] "GET /favicon.ico HTTP/1.1" 200 0 "-" "Mozilla/5.0 (Windows NT 6.1; WOW64) AppleWebKit/537.36 (KHTML, like Gecko) Chrome/39.0.2171.99 Safari/537.36" "www.thewhiteroom.co.in"
14.194.95.90 - - [17/Jan/2015:14:23:56 +0530] "GET / HTTP/1.1" 200 3265 "-" "Mozilla/5.0 (Windows NT 6.1; WOW64) AppleWebKit/537.36 (KHTML, like Gecko) Chrome/39.0.2171.99 Safari/537.36" "www.thewhiteroom.co.in"
14.194.95.90 - - [17/Jan/2015:14:23:56 +0530] "GET /wp-content/themes/WhiteRoom/style.css HTTP/1.1" 200 2864 "http://www.thewhiteroom.co.in/" "Mozilla/5.0 (Windows NT 6.1; WOW64) AppleWebKit/537.36 (KHTML, like Gecko) Chrome/39.0.2171.99 Safari/537.36" "www.thewhiteroom.co.in"
14.194.95.90 - - [17/Jan/2015:14:23:57 +0530] "GET /wp-includes/js/jquery/jquery.js?ver=1.11.1 HTTP/1.1" 200 33760 "http://www.thewhiteroom.co.in/" "Mozilla/5.0 (Windows NT 6.1; WOW64) AppleWebKit/537.36 (KHTML, like Gecko) Chrome/39.0.2171.99 Safari/537.36" "www.thewhiteroom.co.in"
14.194.95.90 - - [17/Jan/2015:14:23:57 +0530] "GET /wp-content/plugins/ultimate-preloader/js/ups.js?ver=4.0.1 HTTP/1.1" 200 2740 "http://www.thewhiteroom.co.in/" "Mozilla/5.0 (Windows NT 6.1; WOW64) AppleWebKit/537.36 (KHTML, like Gecko) Chrome/39.0.2171.99 Safari/537.36" "www.thewhiteroom.co.in"
14.194.95.90 - - [17/Jan/2015:14:23:57 +0530] "GET /wp-content/uploads/2014/08/A.jpg HTTP/1.1" 200 21314 "http://www.thewhiteroom.co.in/" "Mozilla/5.0 (Windows NT 6.1; WOW64) AppleWebKit/537.36 (KHTML, like Gecko) Chrome/39.0.2171.99 Safari/537.36" "www.thewhiteroom.co.in"
14.194.95.90 - - [17/Jan/2015:14:23:57 +0530] "GET /wp-content/plugins/wordpress-ajax-posts-loader-master/js/byscripts_ajax_posts_loader.js?ver=1.0 HTTP/1.1" 200 1275 "http://www.thewhiteroom.co.in/" "Mozilla/5.0 (Windows NT 6.1; WOW64) AppleWebKit/537.36 (KHTML, like Gecko) Chrome/39.0.2171.99 Safari/537.36" "www.thewhiteroom.co.in"
106.10.186.10 - - [17/Jan/2015:14:24:00 +0530] "POST /wp-cron.php?doing_wp_cron=1421484834.6911718845367431640625 HTTP/1.1" 200 5 "-" "WordPress/4.0.1; http://www.thewhiteroom.co.in" "www.thewhiteroom.co.in"
14.194.95.90 - - [17/Jan/2015:14:24:01 +0530] "GET /wp-content/uploads/2014/08/D1.jpg HTTP/1.1" 200 41626 "http://www.thewhiteroom.co.in/" "Mozilla/5.0 (Windows NT 6.1; WOW64) AppleWebKit/537.36 (KHTML, like Gecko) Chrome/39.0.2171.99 Safari/537.36" "www.thewhiteroom.co.in"
14.194.95.90 - - [17/Jan/2015:14:24:01 +0530] "GET /wp-content/uploads/2014/08/meditterinain.jpg HTTP/1.1" 200 61688 "http://www.thewhiteroom.co.in/" "Mozilla/5.0 (Windows NT 6.1; WOW64) AppleWebKit/537.36 (KHTML, like Gecko) Chrome/39.0.2171.99 Safari/537.36" "www.thewhiteroom.co.in"
14.194.95.90 - - [17/Jan/2015:14:24:01 +0530] "GET /wp-content/uploads/2014/08/F.jpg HTTP/1.1" 200 31142 "http://www.thewhiteroom.co.in/" "Mozilla/5.0 (Windows NT 6.1; WOW64) AppleWebKit/537.36 (KHTML, like Gecko) Chrome/39.0.2171.99 Safari/537.36" "www.thewhiteroom.co.in"
14.194.95.90 - - [17/Jan/2015:14:24:01 +0530] "GET /wp-content/uploads/2014/08/E.jpg HTTP/1.1" 200 36025 "http://www.thewhiteroom.co.in/" "Mozilla/5.0 (Windows NT 6.1; WOW64) AppleWebKit/537.36 (KHTML, like Gecko) Chrome/39.0.2171.99 Safari/537.36" "www.thewhiteroom.co.in"
14.194.95.90 - - [17/Jan/2015:14:24:00 +0530] "GET /wp-includes/js/jquery/jquery-migrate.min.js?ver=1.2.1 HTTP/1.1" 200 3562 "http://www.thewhiteroom.co.in/" "Mozilla/5.0 (Windows NT 6.1; WOW64) AppleWebKit/537.36 (KHTML, like Gecko) Chrome/39.0.2171.99 Safari/537.36" "www.thewhiteroom.co.in"
14.194.95.90 - - [17/Jan/2015:14:24:02 +0530] "GET /wp-content/uploads/2014/08/organic.jpg HTTP/1.1" 200 33732 "http://www.thewhiteroom.co.in/" "Mozilla/5.0 (Windows NT 6.1; WOW64) AppleWebKit/537.36 (KHTML, like Gecko) Chrome/39.0.2171.99 Safari/537.36" "www.thewhiteroom.co.in"
14.194.95.90 - - [17/Jan/2015:14:24:04 +0530] "GET /wp-content/uploads/2014/08/G.jpg HTTP/1.1" 200 56609 "http://www.thewhiteroom.co.in/" "Mozilla/5.0 (Windows NT 6.1; WOW64) AppleWebKit/537.36 (KHTML, like Gecko) Chrome/39.0.2171.99 Safari/537.36" "www.thewhiteroom.co.in"
14.194.95.90 - - [17/Jan/2015:14:24:10 +0530] "GET /wp-content/themes/WhiteRoom/font/landsdowne-webfont.woff HTTP/1.1" 200 23000 "http://www.thewhiteroom.co.in/wp-content/themes/WhiteRoom/style.css" "Mozilla/5.0 (Windows NT 6.1; WOW64) AppleWebKit/537.36 (KHTML, like Gecko) Chrome/39.0.2171.99 Safari/537.36" "www.thewhiteroom.co.in"
14.194.95.90 - - [17/Jan/2015:14:24:16 +0530] "HEAD /wp-content/uploads/2014/08/H.jpg HTTP/1.1" 200 0 "http://www.thewhiteroom.co.in/" "Mozilla/5.0 (Windows NT 6.1; WOW64) AppleWebKit/537.36 (KHTML, like Gecko) Chrome/39.0.2171.99 Safari/537.36" "www.thewhiteroom.co.in"
14.194.95.90 - - [17/Jan/2015:14:24:18 +0530] "HEAD /wp-content/uploads/2014/08/I.jpg HTTP/1.1" 200 0 "http://www.thewhiteroom.co.in/" "Mozilla/5.0 (Windows NT 6.1; WOW64) AppleWebKit/537.36 (KHTML, like Gecko) Chrome/39.0.2171.99 Safari/537.36" "www.thewhiteroom.co.in"
14.194.95.90 - - [17/Jan/2015:14:24:21 +0530] "HEAD /wp-content/themes/WhiteRoom/images/facebook.png HTTP/1.1" 200 0 "http://www.thewhiteroom.co.in/" "Mozilla/5.0 (Windows NT 6.1; WOW64) AppleWebKit/537.36 (KHTML, like Gecko) Chrome/39.0.2171.99 Safari/537.36" "www.thewhiteroom.co.in"
14.194.95.90 - - [17/Jan/2015:14:24:23 +0530] "HEAD /wp-content/themes/WhiteRoom/images/twitter.png HTTP/1.1" 200 0 "http://www.thewhiteroom.co.in/" "Mozilla/5.0 (Windows NT 6.1; WOW64) AppleWebKit/537.36 (KHTML, like Gecko) Chrome/39.0.2171.99 Safari/537.36" "www.thewhiteroom.co.in"
14.194.95.90 - - [17/Jan/2015:14:24:25 +0530] "HEAD /wp-content/themes/WhiteRoom/images/pinterest.png HTTP/1.1" 200 0 "http://www.thewhiteroom.co.in/" "Mozilla/5.0 (Windows NT 6.1; WOW64) AppleWebKit/537.36 (KHTML, like Gecko) Chrome/39.0.2171.99 Safari/537.36" "www.thewhiteroom.co.in"
14.194.95.90 - - [17/Jan/2015:14:24:25 +0530] "HEAD /wp-content/uploads/2014/08/organic.jpg HTTP/1.1" 200 0 "http://www.thewhiteroom.co.in/" "Mozilla/5.0 (Windows NT 6.1; WOW64) AppleWebKit/537.36 (KHTML, like Gecko) Chrome/39.0.2171.99 Safari/537.36" "www.thewhiteroom.co.in"
14.194.95.90 - - [17/Jan/2015:14:24:25 +0530] "HEAD /wp-content/uploads/2014/08/meditterinain.jpg HTTP/1.1" 200 0 "http://www.thewhiteroom.co.in/" "Mozilla/5.0 (Windows NT 6.1; WOW64) AppleWebKit/537.36 (KHTML, like Gecko) Chrome/39.0.2171.99 Safari/537.36" "www.thewhiteroom.co.in"
14.194.95.90 - - [17/Jan/2015:14:24:25 +0530] "HEAD /wp-content/uploads/2014/08/D1.jpg HTTP/1.1" 200 0 "http://www.thewhiteroom.co.in/" "Mozilla/5.0 (Windows NT 6.1; WOW64) AppleWebKit/537.36 (KHTML, like Gecko) Chrome/39.0.2171.99 Safari/537.36" "www.thewhiteroom.co.in"
14.194.95.90 - - [17/Jan/2015:14:24:25 +0530] "HEAD /wp-content/uploads/2014/08/G.jpg HTTP/1.1" 200 0 "http://www.thewhiteroom.co.in/" "Mozilla/5.0 (Windows NT 6.1; WOW64) AppleWebKit/537.36 (KHTML, like Gecko) Chrome/39.0.2171.99 Safari/537.36" "www.thewhiteroom.co.in"
14.194.95.90 - - [17/Jan/2015:14:24:25 +0530] "GET /wp-content/uploads/2014/08/H.jpg HTTP/1.1" 200 27722 "http://www.thewhiteroom.co.in/" "Mozilla/5.0 (Windows NT 6.1; WOW64) AppleWebKit/537.36 (KHTML, like Gecko) Chrome/39.0.2171.99 Safari/537.36" "www.thewhiteroom.co.in"
14.194.95.90 - - [17/Jan/2015:14:24:26 +0530] "GET /wp-content/uploads/2014/08/I.jpg HTTP/1.1" 200 80530 "http://www.thewhiteroom.co.in/" "Mozilla/5.0 (Windows NT 6.1; WOW64) AppleWebKit/537.36 (KHTML, like Gecko) Chrome/39.0.2171.99 Safari/537.36" "www.thewhiteroom.co.in"
14.194.95.90 - - [17/Jan/2015:14:24:26 +0530] "GET / HTTP/1.1" 200 3265 "http://www.thewhiteroom.co.in/" "Mozilla/5.0 (Windows NT 6.1; WOW64) AppleWebKit/537.36 (KHTML, like Gecko) Chrome/39.0.2171.99 Safari/537.36" "www.thewhiteroom.co.in"
14.194.95.90 - - [17/Jan/2015:14:24:27 +0530] "GET /wp-content/themes/WhiteRoom/images/facebook.png HTTP/1.1" 200 2951 "http://www.thewhiteroom.co.in/" "Mozilla/5.0 (Windows NT 6.1; WOW64) AppleWebKit/537.36 (KHTML, like Gecko) Chrome/39.0.2171.99 Safari/537.36" "www.thewhiteroom.co.in"
14.194.95.90 - - [17/Jan/2015:14:24:29 +0530] "GET /wp-content/themes/WhiteRoom/images/twitter.png HTTP/1.1" 200 3159 "http://www.thewhiteroom.co.in/" "Mozilla/5.0 (Windows NT 6.1; WOW64) AppleWebKit/537.36 (KHTML, like Gecko) Chrome/39.0.2171.99 Safari/537.36" "www.thewhiteroom.co.in"
14.194.95.90 - - [17/Jan/2015:14:24:30 +0530] "GET /wp-content/themes/WhiteRoom/images/pinterest.png HTTP/1.1" 200 3399 "http://www.thewhiteroom.co.in/" "Mozilla/5.0 (Windows NT 6.1; WOW64) AppleWebKit/537.36 (KHTML, like Gecko) Chrome/39.0.2171.99 Safari/537.36" "www.thewhiteroom.co.in"
14.194.95.90 - - [17/Jan/2015:14:24:35 +0530] "GET /favicon.ico HTTP/1.1" 200 0 "-" "Mozilla/5.0 (Windows NT 6.1; WOW64) AppleWebKit/537.36 (KHTML, like Gecko) Chrome/39.0.2171.99 Safari/537.36" "www.thewhiteroom.co.in"
14.194.95.90 - - [17/Jan/2015:14:25:11 +0530] "GET /login HTTP/1.1" 302 5 "-" "Mozilla/5.0 (Windows NT 6.1; WOW64) AppleWebKit/537.36 (KHTML, like Gecko) Chrome/39.0.2171.99 Safari/537.36" "www.thewhiteroom.co.in"
14.194.95.90 - - [17/Jan/2015:14:25:12 +0530] "GET /wp-login.php HTTP/1.1" 200 1811 "-" "Mozilla/5.0 (Windows NT 6.1; WOW64) AppleWebKit/537.36 (KHTML, like Gecko) Chrome/39.0.2171.99 Safari/537.36" "www.thewhiteroom.co.in"
14.194.95.90 - - [17/Jan/2015:14:25:12 +0530] "GET /wp-includes/css/buttons.min.css?ver=4.0.1 HTTP/1.1" 200 1766 "http://www.thewhiteroom.co.in/wp-login.php" "Mozilla/5.0 (Windows NT 6.1; WOW64) AppleWebKit/537.36 (KHTML, like Gecko) Chrome/39.0.2171.99 Safari/537.36" "www.thewhiteroom.co.in"
14.194.95.90 - - [17/Jan/2015:14:25:12 +0530] "GET /wp-admin/css/login.min.css?ver=4.0.1 HTTP/1.1" 200 5221 "http://www.thewhiteroom.co.in/wp-login.php" "Mozilla/5.0 (Windows NT 6.1; WOW64) AppleWebKit/537.36 (KHTML, like Gecko) Chrome/39.0.2171.99 Safari/537.36" "www.thewhiteroom.co.in"
14.194.95.90 - - [17/Jan/2015:14:25:12 +0530] "GET /wp-includes/css/dashicons.min.css?ver=4.0.1 HTTP/1.1" 200 25776 "http://www.thewhiteroom.co.in/wp-login.php" "Mozilla/5.0 (Windows NT 6.1; WOW64) AppleWebKit/537.36 (KHTML, like Gecko) Chrome/39.0.2171.99 Safari/537.36" "www.thewhiteroom.co.in"
14.194.95.90 - - [17/Jan/2015:14:25:47 +0530] "POST /wp-login.php HTTP/1.1" 200 2171 "http://www.thewhiteroom.co.in/wp-login.php" "Mozilla/5.0 (Windows NT 6.1; WOW64) AppleWebKit/537.36 (KHTML, like Gecko) Chrome/39.0.2171.99 Safari/537.36" "www.thewhiteroom.co.in"
14.194.95.90 - - [17/Jan/2015:14:25:47 +0530] "GET /wp-admin/images/wordpress-logo.svg?ver=20131107 HTTP/1.1" 200 1304 "http://www.thewhiteroom.co.in/wp-admin/css/login.min.css?ver=4.0.1" "Mozilla/5.0 (Windows NT 6.1; WOW64) AppleWebKit/537.36 (KHTML, like Gecko) Chrome/39.0.2171.99 Safari/537.36" "www.thewhiteroom.co.in"
14.194.95.90 - - [17/Jan/2015:14:25:48 +0530] "GET /favicon.ico HTTP/1.1" 200 0 "-" "Mozilla/5.0 (Windows NT 6.1; WOW64) AppleWebKit/537.36 (KHTML, like Gecko) Chrome/39.0.2171.99 Safari/537.36" "www.thewhiteroom.co.in"
14.194.95.90 - - [17/Jan/2015:14:26:24 +0530] "GET /wp-admin/images/wordpress-logo.svg?ver=20131107 HTTP/1.1" 200 1304 "http://www.thewhiteroom.co.in/wp-admin/css/login.min.css?ver=4.0.1" "Mozilla/5.0 (Windows NT 6.1; WOW64) AppleWebKit/537.36 (KHTML, like Gecko) Chrome/39.0.2171.99 Safari/537.36" "www.thewhiteroom.co.in"
179.110.250.120 - - [17/Jan/2015:14:30:24 +0530] "GET / HTTP/1.1" 301 5 "http://anticrawler.org" "Mozilla/5.0 (Windows NT 6.1; WOW64) AppleWebKit/537.36 (KHTML, like Gecko) Chrome/36.0.1985.143 Safari/537.36" "thewhiteroom.co.in"
31.184.238.152 - - [17/Jan/2015:14:42:18 +0530] "GET /logs/access.log HTTP/1.1" 200 66521 "http://buyibuprofen400mgonlinewholesale.soup.io" "Mozilla/5.0 (Windows NT 6.1; rv:26.0) Gecko/20100101 Firefox/26.0" "www.thewhiteroom.co.in"
194.50.116.162 - - [17/Jan/2015:14:44:04 +0530] "GET /wp-login.php HTTP/1.1" 200 1925 "-" "Mozilla/5.0 (Windows NT 5.1) AppleWebKit/537.1 (KHTML, like Gecko) Chrome/24.0.1290.1 Safari/537.13" "thewhiteroom.co.in"
194.50.116.162 - - [17/Jan/2015:14:44:07 +0530] "POST /wp-login.php HTTP/1.1" 200 2183 "-" "Mozilla/5.0 (Windows NT 5.1) AppleWebKit/537.1 (KHTML, like Gecko) Chrome/24.0.1290.1 Safari/537.13" "thewhiteroom.co.in"
31.184.238.152 - - [17/Jan/2015:14:53:43 +0530] "GET /logs/access.log HTTP/1.1" 200 67181 "http://orderviagrasoftonlinesingapore.soup.io" "Mozilla/5.0 (Windows NT 6.1; WOW64) AppleWebKit/537.36 (KHTML, like Gecko) Chrome/32.0.1700.76 Safari/537.36" "www.thewhiteroom.co.in"
123.125.71.76 - - [17/Jan/2015:15:02:56 +0530] "GET / HTTP/1.1" 301 5 "-" "Mozilla/5.0 (compatible; Baiduspider/2.0; +http://www.baidu.com/search/spider.html)" "thewhiteroom.co.in"
123.125.71.70 - - [17/Jan/2015:15:02:59 +0530] "GET / HTTP/1.1" 200 3265 "-" "Mozilla/5.0 (compatible; Baiduspider/2.0; +http://www.baidu.com/search/spider.html)" "www.thewhiteroom.co.in"
173.245.85.119 - - [17/Jan/2015:15:03:49 +0530] "GET /yahoo_site_admin/credentials/ HTTP/1.1" 200 932 "http://www.google.com/url?sa=t&rct=j&q=&esrc=s&source=web&cd=6&ved=0CDkQFjAF&url=http%3A%2F%2Fwww.thewhiteroom.co.in%2Fyahoo_site_admin%2Fcredentials%2F&ei=eCy6VMeWGZavyATr-YGQCg&usg=AFQjCNGEzZrrf5qEjmUn5ED6849c4ibYSQ&bvm=bv.83829542,d.aWw" "Mozilla/5.0 (Windows NT 6.1; WOW64; rv:35.0) Gecko/20100101 Firefox/35.0" "www.thewhiteroom.co.in"
173.245.85.119 - - [17/Jan/2015:15:03:49 +0530] "GET /favicon.ico HTTP/1.1" 200 0 "-" "Mozilla/5.0 (Windows NT 6.1; WOW64; rv:35.0) Gecko/20100101 Firefox/35.0" "www.thewhiteroom.co.in"
173.245.85.119 - - [17/Jan/2015:15:03:50 +0530] "GET /favicon.ico HTTP/1.1" 200 0 "-" "Mozilla/5.0 (Windows NT 6.1; WOW64; rv:35.0) Gecko/20100101 Firefox/35.0" "www.thewhiteroom.co.in"
173.245.85.119 - - [17/Jan/2015:15:03:51 +0530] "GET /yahoo_site_admin/credentials/db.conf HTTP/1.1" 200 670 "http://www.thewhiteroom.co.in/yahoo_site_admin/credentials/" "Mozilla/5.0 (Windows NT 6.1; WOW64; rv:35.0) Gecko/20100101 Firefox/35.0" "www.thewhiteroom.co.in"
31.184.238.152 - - [17/Jan/2015:15:05:29 +0530] "GET /logs/access.log HTTP/1.1" 200 68911 "http://buylamisilonlinelowprice.soup.io" "Mozilla/5.0 (Windows NT 5.1; rv:26.0) Gecko/20100101 Firefox/26.0" "www.thewhiteroom.co.in"
123.125.71.92 - - [17/Jan/2015:15:08:29 +0530] "GET /wp-includes/js/jquery/jquery.js?ver=1.11.1 HTTP/1.1" 200 95807 "http://thewhiteroom.co.in/" "Mozilla/5.0 (compatible; Baiduspider/2.0; +http://www.baidu.com/search/spider.html)" "www.thewhiteroom.co.in"
123.125.71.104 - - [17/Jan/2015:15:08:29 +0530] "GET /wp-content/themes/WhiteRoom/style.css HTTP/1.1" 200 8863 "http://thewhiteroom.co.in/" "Mozilla/5.0 (compatible; Baiduspider/2.0; +http://www.baidu.com/search/spider.html)" "www.thewhiteroom.co.in"
123.125.71.101 - - [17/Jan/2015:15:08:30 +0530] "GET /wp-includes/js/jquery/jquery-migrate.min.js?ver=1.2.1 HTTP/1.1" 200 7200 "http://thewhiteroom.co.in/" "Mozilla/5.0 (compatible; Baiduspider/2.0; +http://www.baidu.com/search/spider.html)" "www.thewhiteroom.co.in"
123.125.71.101 - - [17/Jan/2015:15:08:33 +0530] "GET /wp-content/plugins/ultimate-preloader/js/ups.js?ver=4.0.1 HTTP/1.1" 200 10723 "http://thewhiteroom.co.in/" "Mozilla/5.0 (compatible; Baiduspider/2.0; +http://www.baidu.com/search/spider.html)" "www.thewhiteroom.co.in"
123.125.71.116 - - [17/Jan/2015:15:08:34 +0530] "GET /wp-content/themes/WhiteRoom/font/landsdowne-webfont.ttf HTTP/1.1" 200 34652 "http://thewhiteroom.co.in/" "Mozilla/5.0 (compatible; Baiduspider/2.0; +http://www.baidu.com/search/spider.html)" "www.thewhiteroom.co.in"
123.125.71.71 - - [17/Jan/2015:15:08:34 +0530] "GET /wp-content/plugins/wordpress-ajax-posts-loader-master/js/byscripts_ajax_posts_loader.js?ver=1.0 HTTP/1.1" 200 2255 "http://thewhiteroom.co.in/" "Mozilla/5.0 (compatible; Baiduspider/2.0; +http://www.baidu.com/search/spider.html)" "www.thewhiteroom.co.in"
123.125.71.89 - - [17/Jan/2015:15:08:35 +0530] "GET /wp-content/uploads/2014/08/H.jpg HTTP/1.1" 200 27722 "-" "Mozilla/5.0 (compatible; Baiduspider/2.0; +http://www.baidu.com/search/spider.html)" "www.thewhiteroom.co.in"
123.125.71.105 - - [17/Jan/2015:15:08:35 +0530] "GET /wp-content/uploads/2014/08/E.jpg HTTP/1.1" 200 36025 "-" "Mozilla/5.0 (compatible; Baiduspider/2.0; +http://www.baidu.com/search/spider.html)" "www.thewhiteroom.co.in"
123.125.71.95 - - [17/Jan/2015:15:08:36 +0530] "GET / HTTP/1.1" 301 5 "http://thewhiteroom.co.in/" "Mozilla/5.0 (compatible; Baiduspider/2.0; +http://www.baidu.com/search/spider.html)" "thewhiteroom.co.in"
123.125.71.115 - - [17/Jan/2015:15:08:37 +0530] "GET / HTTP/1.1" 200 10876 "http://thewhiteroom.co.in/" "Mozilla/5.0 (compatible; Baiduspider/2.0; +http://www.baidu.com/search/spider.html)" "www.thewhiteroom.co.in"
101.221.129.93 - - [17/Jan/2015:15:11:21 +0530] "GET /yahoo_site_admin/credentials/ HTTP/1.1" 200 932 "http://www.google.co.in/url?sa=t&rct=j&q=&esrc=s&source=web&cd=1&ved=0CBwQFjAA&url=http%3A%2F%2Fwww.thewhiteroom.co.in%2Fyahoo_site_admin%2Fcredentials%2F&ei=Pi66VOPWD9Lx8gWv2YHQCw&usg=AFQjCNGEzZrrf5qEjmUn5ED6849c4ibYSQ&bvm=bv.83829542,d.dGc&cad=rja" "Mozilla/5.0 (Windows NT 6.1; WOW64; rv:33.0) Gecko/20100101 Firefox/33.0" "www.thewhiteroom.co.in"
101.221.129.93 - - [17/Jan/2015:15:11:23 +0530] "GET /favicon.ico HTTP/1.1" 200 0 "-" "Mozilla/5.0 (Windows NT 6.1; WOW64; rv:33.0) Gecko/20100101 Firefox/33.0" "www.thewhiteroom.co.in"
101.221.129.93 - - [17/Jan/2015:15:11:23 +0530] "GET /favicon.ico HTTP/1.1" 200 0 "-" "Mozilla/5.0 (Windows NT 6.1; WOW64; rv:33.0) Gecko/20100101 Firefox/33.0" "www.thewhiteroom.co.in"
101.221.129.93 - - [17/Jan/2015:15:11:25 +0530] "GET /yahoo_site_admin/credentials/db.conf HTTP/1.1" 200 670 "http://www.thewhiteroom.co.in/yahoo_site_admin/credentials/" "Mozilla/5.0 (Windows NT 6.1; WOW64; rv:33.0) Gecko/20100101 Firefox/33.0" "www.thewhiteroom.co.in"
31.184.238.152 - - [17/Jan/2015:15:16:50 +0530] "GET /logs/access.log HTTP/1.1" 200 72721 "http://www.theknot.com/wedding/trimethoprim-and-prices" "Mozilla/5.0 (Windows NT 5.1; rv:26.0) Gecko/20100101 Firefox/26.0" "www.thewhiteroom.co.in"
5.255.253.69 - - [17/Jan/2015:15:21:32 +0530] "GET /robots.txt HTTP/1.1" 200 106 "-" "Mozilla/5.0 (compatible; YandexBot/3.0; +http://yandex.com/bots)" "thewhiteroom.co.in"
5.255.253.69 - - [17/Jan/2015:15:21:32 +0530] "GET /robots.txt HTTP/1.1" 200 106 "-" "Mozilla/5.0 (compatible; YandexBot/3.0; +http://yandex.com/bots)" "www.thewhiteroom.co.in"
5.255.253.69 - - [17/Jan/2015:15:21:36 +0530] "GET / HTTP/1.1" 301 5 "-" "Mozilla/5.0 (compatible; YandexBot/3.0; +http://yandex.com/bots)" "thewhiteroom.co.in"
5.255.253.69 - - [17/Jan/2015:15:21:37 +0530] "GET / HTTP/1.1" 200 3265 "-" "Mozilla/5.0 (compatible; YandexBot/3.0; +http://yandex.com/bots)" "www.thewhiteroom.co.in"
5.255.253.69 - - [17/Jan/2015:15:21:53 +0530] "GET / HTTP/1.1" 200 3265 "-" "Mozilla/5.0 (compatible; YandexBot/3.0; +http://yandex.com/bots)" "www.thewhiteroom.co.in"
31.184.238.152 - - [17/Jan/2015:15:28:31 +0530] "GET /logs/access.log HTTP/1.1" 200 73808 "http://carbamazepine400mgk.aircus.com" "Mozilla/5.0 (Windows NT 6.1) AppleWebKit/537.36 (KHTML, like Gecko) Chrome/30.0.1599.12785 YaBrowser/13.12.1599.12785 Safari/537.36" "www.thewhiteroom.co.in"
46.147.155.149 - - [17/Jan/2015:15:30:43 +0530] "GET / HTTP/1.1" 200 10876 "http://xseromans.apishops.ru" "Mozilla/4.0 (compatible; MSIE 6.0; Windows ME) Opera 7.11  [en]" "www.thewhiteroom.co.in"
46.147.155.149 - - [17/Jan/2015:15:30:44 +0530] "GET / HTTP/1.1" 200 10876 "http://xseromans.apishops.ru" "Mozilla/4.0 (compatible; MSIE 6.0; Windows NT 5.1) Opera 7.54 [en]" "www.thewhiteroom.co.in"
46.147.155.149 - - [17/Jan/2015:15:30:48 +0530] "GET / HTTP/1.1" 200 10876 "http://xseromans.apishops.ru" "Mozilla/4.0 (compatible; MSIE 7.0; Windows NT 5.1; SV1; .NET CLR 2.0.50727)" "www.thewhiteroom.co.in"
46.147.155.149 - - [17/Jan/2015:15:30:49 +0530] "GET / HTTP/1.1" 200 10876 "http://xseromans.apishops.ru" "Mozilla/4.0 (compatible; MSIE 6.0; Windows NT 5.1; .NET CLR 1.1.4322; FDM)" "www.thewhiteroom.co.in"
31.184.238.152 - - [17/Jan/2015:15:40:27 +0530] "GET /logs/access.log HTTP/1.1" 200 74911 "http://gravatar.com/piessitevunvladad" "Opera/9.80 (Windows NT 5.1) Presto/2.12.388 Version/12.16" "www.thewhiteroom.co.in"
94.249.242.46 - - [17/Jan/2015:15:50:41 +0530] "GET /yahoo_site_admin/backup_july192014/logs/access_140113.log HTTP/1.1" 200 8130 "http://www.thewhiteroom.co.in/" "Mozilla/5.0 (Windows NT 5.1) AppleWebKit/537.36 (KHTML, like Gecko) Chrome/39.0.2171.99 Safari/537.36" "www.thewhiteroom.co.in"
37.59.144.186 - - [17/Jan/2015:15:50:48 +0530] "GET /yahoo_site_admin/backup_july192014/logs/access_140113.log HTTP/1.1" 200 8130 "http://www.thewhiteroom.co.in/" "Mozilla/5.0 (Windows NT 5.1) AppleWebKit/537.36 (KHTML, like Gecko) Chrome/39.0.2171.99 Safari/537.36" "www.thewhiteroom.co.in"
31.184.238.152 - - [17/Jan/2015:15:55:00 +0530] "GET /logs/access.log HTTP/1.1" 200 65536 "http://buy-zofran-8mg-online.soup.io" "Mozilla/5.0 (Windows NT 6.3; WOW64) AppleWebKit/537.36 (KHTML, like Gecko) Chrome/33.0.1750.117 Safari/537.36" "www.thewhiteroom.co.in"
31.184.238.152 - - [17/Jan/2015:16:04:00 +0530] "GET /logs/access.log HTTP/1.1" 200 75976 "http://gravatar.com/citalopram10mget" "Mozilla/5.0 (Windows NT 6.2; WOW64) AppleWebKit/537.36 (KHTML, like Gecko) Chrome/32.0.1700.76 Safari/537.36" "www.thewhiteroom.co.in"
23.231.7.215 - - [17/Jan/2015:16:06:37 +0530] "GET /yahoo_site_admin/backup_july192014/logs/access_111226.log HTTP/1.1" 200 1589 "http://www.thewhiteroom.co.in/" "Mozilla/5.0 (Windows NT 5.1) AppleWebKit/537.36 (KHTML, like Gecko) Chrome/39.0.2171.99 Safari/537.36" "www.thewhiteroom.co.in"
170.130.111.238 - - [17/Jan/2015:16:06:59 +0530] "GET /yahoo_site_admin/backup_july192014/logs/access_100913.log HTTP/1.1" 200 1451 "http://www.thewhiteroom.co.in/" "Mozilla/5.0 (Windows NT 5.1) AppleWebKit/537.36 (KHTML, like Gecko) Chrome/39.0.2171.99 Safari/537.36" "www.thewhiteroom.co.in"
173.213.76.15 - - [17/Jan/2015:16:07:04 +0530] "GET /yahoo_site_admin/backup_july192014/logs/access_110919.log HTTP/1.1" 200 2130 "http://www.thewhiteroom.co.in/" "Mozilla/5.0 (Windows NT 5.1) AppleWebKit/537.36 (KHTML, like Gecko) Chrome/39.0.2171.99 Safari/537.36" "www.thewhiteroom.co.in"
204.44.112.213 - - [17/Jan/2015:16:07:16 +0530] "GET /yahoo_site_admin/backup_july192014/logs/access_100315.log HTTP/1.1" 200 1734 "http://www.thewhiteroom.co.in/" "Mozilla/5.0 (Windows NT 5.1) AppleWebKit/537.36 (KHTML, like Gecko) Chrome/39.0.2171.99 Safari/537.36" "www.thewhiteroom.co.in"
170.130.111.238 - - [17/Jan/2015:16:09:08 +0530] "GET /yahoo_site_admin/backup_july192014/logs/access_120910.log HTTP/1.1" 200 3148 "http://www.thewhiteroom.co.in/" "Mozilla/5.0 (Windows NT 5.1) AppleWebKit/537.36 (KHTML, like Gecko) Chrome/39.0.2171.99 Safari/537.36" "www.thewhiteroom.co.in"
173.232.104.254 - - [17/Jan/2015:16:10:24 +0530] "GET /yahoo_site_admin/backup_july192014/logs/access_101122.log HTTP/1.1" 200 1345 "http://www.thewhiteroom.co.in/" "Mozilla/5.0 (Windows NT 5.1) AppleWebKit/537.36 (KHTML, like Gecko) Chrome/39.0.2171.99 Safari/537.36" "www.thewhiteroom.co.in"
198.23.167.178 - - [17/Jan/2015:16:11:32 +0530] "GET /yahoo_site_admin/backup_july192014/logs/access_120206.log HTTP/1.1" 200 2200 "http://www.thewhiteroom.co.in/" "Mozilla/5.0 (Windows NT 5.1) AppleWebKit/537.36 (KHTML, like Gecko) Chrome/39.0.2171.99 Safari/537.36" "www.thewhiteroom.co.in"
62.210.84.54 - - [17/Jan/2015:16:13:00 +0530] "GET /yahoo_site_admin/backup_july192014/logs/access_140424.log HTTP/1.1" 200 2282 "http://www.thewhiteroom.co.in/" "Mozilla/5.0 (Windows NT 6.2; WOW64; rv:22.0) Gecko/20100101 Firefox/22.0" "www.thewhiteroom.co.in"
107.172.14.232 - - [17/Jan/2015:16:13:03 +0530] "GET /yahoo_site_admin/backup_july192014/logs/access_100607.log HTTP/1.1" 200 1469 "http://www.thewhiteroom.co.in/" "Mozilla/5.0 (Windows NT 5.1) AppleWebKit/537.36 (KHTML, like Gecko) Chrome/39.0.2171.99 Safari/537.36" "www.thewhiteroom.co.in"
216.189.55.187 - - [17/Jan/2015:16:14:21 +0530] "GET /yahoo_site_admin/backup_july192014/logs/access_101115.log HTTP/1.1" 200 1654 "http://www.thewhiteroom.co.in/" "Mozilla/5.0 (Windows NT 5.1) AppleWebKit/537.36 (KHTML, like Gecko) Chrome/39.0.2171.99 Safari/537.36" "www.thewhiteroom.co.in"
31.184.238.152 - - [17/Jan/2015:16:15:36 +0530] "GET /logs/access.log HTTP/1.1" 200 79140 "http://carbamazepinet9.forumcircle.com" "Mozilla/5.0 (Windows NT 6.1) AppleWebKit/537.36 (KHTML, like Gecko) Chrome/30.0.1599.13014 YaBrowser/13.12.1599.13014 Safari/537.36" "www.thewhiteroom.co.in"
23.231.7.215 - - [17/Jan/2015:16:19:59 +0530] "GET /logs/access.log HTTP/1.1" 200 7377 "http://www.thewhiteroom.co.in/" "Mozilla/5.0 (Windows NT 5.1) AppleWebKit/537.36 (KHTML, like Gecko) Chrome/39.0.2171.99 Safari/537.36" "www.thewhiteroom.co.in"
23.231.7.215 - - [17/Jan/2015:16:20:01 +0530] "GET /wp-login.php HTTP/1.1" 200 1811 "http://www.thewhiteroom.co.in/" "Mozilla/5.0 (Windows NT 5.1) AppleWebKit/537.36 (KHTML, like Gecko) Chrome/39.0.2171.99 Safari/537.36" "www.thewhiteroom.co.in"
23.231.7.215 - - [17/Jan/2015:16:20:02 +0530] "GET /wp-login.php?action=register HTTP/1.1" 302 5 "http://www.thewhiteroom.co.in/wp-login.php" "Mozilla/5.0 (Windows NT 5.1) AppleWebKit/537.36 (KHTML, like Gecko) Chrome/39.0.2171.99 Safari/537.36" "www.thewhiteroom.co.in"
23.231.7.215 - - [17/Jan/2015:16:20:03 +0530] "GET /wp-login.php?registration=disabled HTTP/1.1" 200 1850 "http://www.thewhiteroom.co.in/wp-login.php" "Mozilla/5.0 (Windows NT 5.1) AppleWebKit/537.36 (KHTML, like Gecko) Chrome/39.0.2171.99 Safari/537.36" "www.thewhiteroom.co.in"
216.231.128.132 - - [17/Jan/2015:16:24:15 +0530] "GET /yahoo_site_admin/backup_july192014/logs/access_100830.log HTTP/1.1" 200 1646 "http://www.thewhiteroom.co.in/" "Mozilla/5.0 (Windows NT 5.1) AppleWebKit/537.36 (KHTML, like Gecko) Chrome/39.0.2171.99 Safari/537.36" "www.thewhiteroom.co.in"
31.184.238.152 - - [17/Jan/2015:16:27:04 +0530] "GET /logs/access.log HTTP/1.1" 200 80770 "http://gravatar.com/buypiroxicam247" "Mozilla/5.0 (Windows NT 6.0) AppleWebKit/537.36 (KHTML, like Gecko) Chrome/33.0.1750.146 Safari/537.36" "www.thewhiteroom.co.in"
194.50.116.162 - - [17/Jan/2015:16:33:07 +0530] "GET /wp-login.php HTTP/1.1" 200 1925 "-" "Mozilla/5.0 (Windows NT 5.1) AppleWebKit/537.1 (KHTML, like Gecko) Chrome/24.0.1290.1 Safari/537.13" "thewhiteroom.co.in"
194.50.116.162 - - [17/Jan/2015:16:33:10 +0530] "POST /wp-login.php HTTP/1.1" 200 2183 "-" "Mozilla/5.0 (Windows NT 5.1) AppleWebKit/537.1 (KHTML, like Gecko) Chrome/24.0.1290.1 Safari/537.13" "thewhiteroom.co.in"
23.251.129.67 - - [17/Jan/2015:16:37:24 +0530] "GET /logs/access.log HTTP/1.1" 200 7542 "http://www.thewhiteroom.co.in/" "Mozilla/5.0 (Windows NT 6.2; WOW64; rv:22.0) Gecko/20100101 Firefox/22.0" "www.thewhiteroom.co.in"
192.3.183.105 - - [17/Jan/2015:16:37:26 +0530] "GET /wp-login.php HTTP/1.1" 200 1811 "http://www.thewhiteroom.co.in/" "Mozilla/5.0 (Windows NT 6.2; WOW64; rv:22.0) Gecko/20100101 Firefox/22.0" "www.thewhiteroom.co.in"
192.3.183.105 - - [17/Jan/2015:16:37:28 +0530] "GET /wp-login.php?action=register HTTP/1.1" 302 5 "http://www.thewhiteroom.co.in/wp-login.php" "Mozilla/5.0 (Windows NT 6.2; WOW64; rv:22.0) Gecko/20100101 Firefox/22.0" "www.thewhiteroom.co.in"
192.3.183.105 - - [17/Jan/2015:16:37:28 +0530] "GET /wp-login.php?registration=disabled HTTP/1.1" 200 1850 "http://www.thewhiteroom.co.in/wp-login.php" "Mozilla/5.0 (Windows NT 6.2; WOW64; rv:22.0) Gecko/20100101 Firefox/22.0" "www.thewhiteroom.co.in"
31.184.238.152 - - [17/Jan/2015:16:38:27 +0530] "GET /logs/access.log HTTP/1.1" 200 82389 "http://www.theknot.com/wedding/paracetamol-and-guaranteed" "Mozilla/5.0 (Windows NT 6.2; WOW64) AppleWebKit/537.36 (KHTML, like Gecko) Chrome/32.0.1700.76 Safari/537.36" "www.thewhiteroom.co.in"
198.23.167.178 - - [17/Jan/2015:16:40:09 +0530] "GET /yahoo_site_admin/backup_july192014/logs/access_111017.log HTTP/1.1" 200 1756 "http://www.thewhiteroom.co.in/" "Mozilla/5.0 (Windows NT 5.1) AppleWebKit/537.36 (KHTML, like Gecko) Chrome/39.0.2171.99 Safari/537.36" "www.thewhiteroom.co.in"
31.184.238.152 - - [17/Jan/2015:16:50:06 +0530] "GET /logs/access.log HTTP/1.1" 200 82968 "http://tegretol-400mg-buy-without-prescription.soup.io" "Mozilla/5.0 (Windows NT 6.3; WOW64; rv:27.0) Gecko/20100101 Firefox/27.0" "www.thewhiteroom.co.in"
31.184.238.152 - - [17/Jan/2015:17:01:52 +0530] "GET /logs/access.log HTTP/1.1" 200 83215 "http://gravatar.com/orderropiniroleonlinequickdelivery" "Mozilla/5.0 (Windows NT 6.1; WOW64) AppleWebKit/537.36 (KHTML, like Gecko) Chrome/33.0.1750.146 Safari/537.36" "www.thewhiteroom.co.in"
66.206.38.12 - - [17/Jan/2015:17:07:06 +0530] "GET /logs/access.log HTTP/1.1" 200 7746 "http://www.thewhiteroom.co.in/" "Mozilla/5.0 (Windows NT 5.1) AppleWebKit/537.36 (KHTML, like Gecko) Chrome/39.0.2171.99 Safari/537.36" "www.thewhiteroom.co.in"
167.160.105.142 - - [17/Jan/2015:17:07:09 +0530] "GET /wp-login.php HTTP/1.1" 200 1811 "http://www.thewhiteroom.co.in/" "Mozilla/5.0 (Windows NT 5.1) AppleWebKit/537.36 (KHTML, like Gecko) Chrome/39.0.2171.99 Safari/537.36" "www.thewhiteroom.co.in"
167.160.105.142 - - [17/Jan/2015:17:07:10 +0530] "GET /wp-login.php?action=register HTTP/1.1" 302 5 "http://www.thewhiteroom.co.in/wp-login.php" "Mozilla/5.0 (Windows NT 5.1) AppleWebKit/537.36 (KHTML, like Gecko) Chrome/39.0.2171.99 Safari/537.36" "www.thewhiteroom.co.in"
31.184.238.152 - - [17/Jan/2015:17:25:34 +0530] "GET /logs/access.log HTTP/1.1" 200 84841 "http://famvir-250mg-buy-online.soup.io" "Opera/9.80 (Windows NT 6.1; WOW64) Presto/2.12.388 Version/12.15" "www.thewhiteroom.co.in"
149.78.29.186 - - [17/Jan/2015:17:30:57 +0530] "GET /yahoo_site_admin/credentials/ HTTP/1.1" 200 932 "https://www.google.co.il/" "Mozilla/5.0 (Windows NT 6.1; WOW64) AppleWebKit/537.36 (KHTML, like Gecko) Chrome/39.0.2171.99 Safari/537.36" "www.thewhiteroom.co.in"
149.78.29.186 - - [17/Jan/2015:17:30:59 +0530] "GET /favicon.ico HTTP/1.1" 200 0 "-" "Mozilla/5.0 (Windows NT 6.1; WOW64) AppleWebKit/537.36 (KHTML, like Gecko) Chrome/39.0.2171.99 Safari/537.36" "www.thewhiteroom.co.in"
149.78.29.186 - - [17/Jan/2015:17:33:59 +0530] "GET /yahoo_site_admin/credentials/db.conf HTTP/1.1" 200 670 "http://www.thewhiteroom.co.in/yahoo_site_admin/credentials/" "Mozilla/5.0 (Windows NT 6.1; WOW64) AppleWebKit/537.36 (KHTML, like Gecko) Chrome/39.0.2171.99 Safari/537.36" "www.thewhiteroom.co.in"
149.78.29.186 - - [17/Jan/2015:17:34:16 +0530] "GET /favicon.ico HTTP/1.1" 200 0 "-" "Mozilla/5.0 (Windows NT 6.1; WOW64) AppleWebKit/537.36 (KHTML, like Gecko) Chrome/39.0.2171.99 Safari/537.36" "www.thewhiteroom.co.in"
149.78.29.186 - - [17/Jan/2015:17:34:00 +0530] "GET /favicon.ico HTTP/1.1" 200 0 "-" "Mozilla/5.0 (Windows NT 6.1; WOW64) AppleWebKit/537.36 (KHTML, like Gecko) Chrome/39.0.2171.99 Safari/537.36" "www.thewhiteroom.co.in"
149.78.29.186 - - [17/Jan/2015:17:34:18 +0530] "GET /yahoo_site_admin/ HTTP/1.1" 200 977 "http://www.thewhiteroom.co.in/yahoo_site_admin/credentials/" "Mozilla/5.0 (Windows NT 6.1; WOW64) AppleWebKit/537.36 (KHTML, like Gecko) Chrome/39.0.2171.99 Safari/537.36" "www.thewhiteroom.co.in"
149.78.29.186 - - [17/Jan/2015:17:34:18 +0530] "GET /favicon.ico HTTP/1.1" 200 0 "-" "Mozilla/5.0 (Windows NT 6.1; WOW64) AppleWebKit/537.36 (KHTML, like Gecko) Chrome/39.0.2171.99 Safari/537.36" "www.thewhiteroom.co.in"
149.78.29.186 - - [17/Jan/2015:17:34:23 +0530] "GET /yahoo_site_admin/images/ HTTP/1.1" 200 1223 "http://www.thewhiteroom.co.in/yahoo_site_admin/" "Mozilla/5.0 (Windows NT 6.1; WOW64) AppleWebKit/537.36 (KHTML, like Gecko) Chrome/39.0.2171.99 Safari/537.36" "www.thewhiteroom.co.in"
149.78.29.186 - - [17/Jan/2015:17:34:26 +0530] "GET /yahoo_site_admin/images/bullets.psd HTTP/1.1" 200 28578 "http://www.thewhiteroom.co.in/yahoo_site_admin/images/" "Mozilla/5.0 (Windows NT 6.1; WOW64) AppleWebKit/537.36 (KHTML, like Gecko) Chrome/39.0.2171.99 Safari/537.36" "www.thewhiteroom.co.in"
149.78.29.186 - - [17/Jan/2015:17:34:30 +0530] "GET /favicon.ico HTTP/1.1" 200 0 "-" "Mozilla/5.0 (Windows NT 6.1; WOW64) AppleWebKit/537.36 (KHTML, like Gecko) Chrome/39.0.2171.99 Safari/537.36" "www.thewhiteroom.co.in"
149.78.29.186 - - [17/Jan/2015:17:34:36 +0530] "GET /yahoo_site_admin/ HTTP/1.1" 200 977 "http://www.thewhiteroom.co.in/yahoo_site_admin/images/" "Mozilla/5.0 (Windows NT 6.1; WOW64) AppleWebKit/537.36 (KHTML, like Gecko) Chrome/39.0.2171.99 Safari/537.36" "www.thewhiteroom.co.in"
149.78.29.186 - - [17/Jan/2015:17:34:37 +0530] "GET /favicon.ico HTTP/1.1" 200 0 "-" "Mozilla/5.0 (Windows NT 6.1; WOW64) AppleWebKit/537.36 (KHTML, like Gecko) Chrome/39.0.2171.99 Safari/537.36" "www.thewhiteroom.co.in"
31.184.238.152 - - [17/Jan/2015:17:37:36 +0530] "GET /logs/access.log HTTP/1.1" 200 88115 "http://lrnatarax10mg.forumcircle.com" "Mozilla/5.0 (Windows NT 6.1; WOW64) AppleWebKit/537.36 (KHTML, like Gecko) Chrome/32.0.1700.107 Safari/537.36 OPR/19.0.1326.63" "www.thewhiteroom.co.in"
31.184.238.152 - - [17/Jan/2015:17:49:33 +0530] "GET /logs/access.log HTTP/1.1" 200 88398 "http://buyasacol.soup.io" "Mozilla/5.0 (Windows NT 6.2; WOW64) AppleWebKit/537.36 (KHTML, like Gecko) Chrome/32.0.1700.76 Safari/537.36" "www.thewhiteroom.co.in"
37.187.150.125 - - [17/Jan/2015:17:58:40 +0530] "GET /logs/scripts.log&amp;sa=U&amp;ei=_VO6VPy6OsrtO5ehgPgK&amp;ved=0CJcBEBYwGQ&amp;usg=AFQjCNH3jRxUQDpVQ0gtlrIt81mLVtbd7A//xmlrpc.php HTTP/1.1" 301 5 "-" "Mozilla/5.0 (Windows NT 6.1; WOW64; rv:34.0) Gecko/20100101 Firefox/34.0" "www.thewhiteroom.co.in"
37.187.150.125 - - [17/Jan/2015:17:58:42 +0530] "GET /logs/scripts.log&amp;sa=U&amp;ei=_VO6VPy6OsrtO5ehgPgK&amp;ved=0CJcBEBYwGQ&amp;usg=AFQjCNH3jRxUQDpVQ0gtlrIt81mLVtbd7A/xmlrpc.php HTTP/1.1" 404 7932 "-" "Mozilla/5.0 (Windows NT 6.1; WOW64; rv:34.0) Gecko/20100101 Firefox/34.0" "www.thewhiteroom.co.in"
167.160.105.142 - - [17/Jan/2015:17:07:11 +0530] "GET /wp-login.php?registration=disabled HTTP/1.1" 200 1850 "http://www.thewhiteroom.co.in/wp-login.php" "Mozilla/5.0 (Windows NT 5.1) AppleWebKit/537.36 (KHTML, like Gecko) Chrome/39.0.2171.99 Safari/537.36" "www.thewhiteroom.co.in"
31.184.238.152 - - [17/Jan/2015:17:13:41 +0530] "GET /logs/access.log HTTP/1.1" 200 84554 "http://buypropecia1mgonlinecheap.soup.io" "Mozilla/5.0 (Windows NT 6.1; WOW64) AppleWebKit/537.36 (KHTML, like Gecko) Chrome/32.0.1700.102 Safari/537.36 OPR/19.0.1326.59" "www.thewhiteroom.co.in"
37.187.150.125 - - [17/Jan/2015:17:58:47 +0530] "GET //xmlrpc.php HTTP/1.1" 200 58 "-" "Mozilla/5.0 (Windows NT 6.1; WOW64; rv:34.0) Gecko/20100101 Firefox/34.0" "www.thewhiteroom.co.in"
37.187.150.125 - - [17/Jan/2015:17:58:49 +0530] "GET //wp-admin/admin-ajax.php HTTP/1.1" 200 17 "-" "Mozilla/5.0 (Windows NT 6.1; WOW64; rv:34.0) Gecko/20100101 Firefox/34.0" "www.thewhiteroom.co.in"
37.187.150.125 - - [17/Jan/2015:17:58:55 +0530] "GET //wp-admin/admin-ajax.php HTTP/1.1" 200 17 "-" "Mozilla/5.0 (Windows NT 6.1; WOW64) AppleWebKit/537.36 (KHTML, like Gecko) Chrome/36.0.1985.67 Safari/537.36" "www.thewhiteroom.co.in"
37.187.150.125 - - [17/Jan/2015:17:59:18 +0530] "POST //wp-admin/admin-ajax.php HTTP/1.1" 200 17 "-" "Mozilla/5.0 (Windows NT 6.1; WOW64) AppleWebKit/537.36 (KHTML, like Gecko) Chrome/36.0.1985.67 Safari/537.36" "www.thewhiteroom.co.in"
37.187.150.125 - - [17/Jan/2015:17:59:19 +0530] "GET /logs//xmlrpc.php HTTP/1.1" 301 5 "-" "Mozilla/5.0 (Windows NT 6.1; WOW64; rv:34.0) Gecko/20100101 Firefox/34.0" "www.thewhiteroom.co.in"
37.187.150.125 - - [17/Jan/2015:17:59:20 +0530] "GET /logs/xmlrpc.php HTTP/1.1" 404 3820 "-" "Mozilla/5.0 (Windows NT 6.1; WOW64; rv:34.0) Gecko/20100101 Firefox/34.0" "www.thewhiteroom.co.in"
37.187.150.125 - - [17/Jan/2015:17:59:26 +0530] "GET //wp-content/plugins/revslider/temp/update_extract/kontol.php HTTP/1.1" 301 5 "-" "Mozilla/5.0 (Windows NT 6.1; WOW64; rv:34.0) Gecko/20100101 Firefox/34.0" "www.thewhiteroom.co.in"
31.184.238.152 - - [17/Jan/2015:18:02:28 +0530] "GET /logs/access.log HTTP/1.1" 200 90738 "http://www.theknot.com/wedding/delivery-and-labetalol" "Opera/9.80 (Windows NT 5.1) Presto/2.12.388 Version/12.16" "www.thewhiteroom.co.in"
31.184.238.152 - - [17/Jan/2015:18:12:58 +0530] "GET /logs/access.log HTTP/1.1" 200 90969 "http://order-bupron-sr-150mg-online.soup.io" "Mozilla/5.0 (Windows NT 6.2; WOW64; rv:27.0) Gecko/20100101 Firefox/27.0" "www.thewhiteroom.co.in"
37.187.150.125 - - [17/Jan/2015:18:16:40 +0530] "GET /logs/scripts.log&amp;sa=U&amp;ei=B1S6VLKSFbSKsQSIqIDgDg&amp;ved=0COUCEBYwPQ&amp;usg=AFQjCNEoLqUuScR3xjbpodO6quUXdH7jww//xmlrpc.php HTTP/1.1" 301 5 "-" "Mozilla/5.0 (Windows NT 6.1; WOW64; rv:34.0) Gecko/20100101 Firefox/34.0" "www.thewhiteroom.co.in"
37.187.150.125 - - [17/Jan/2015:18:16:43 +0530] "GET /logs/scripts.log&amp;sa=U&amp;ei=B1S6VLKSFbSKsQSIqIDgDg&amp;ved=0COUCEBYwPQ&amp;usg=AFQjCNEoLqUuScR3xjbpodO6quUXdH7jww/xmlrpc.php HTTP/1.1" 404 7940 "-" "Mozilla/5.0 (Windows NT 6.1; WOW64; rv:34.0) Gecko/20100101 Firefox/34.0" "www.thewhiteroom.co.in"
194.50.116.162 - - [17/Jan/2015:18:20:31 +0530] "GET /wp-login.php HTTP/1.1" 200 1925 "-" "Mozilla/5.0 (Windows NT 5.1) AppleWebKit/537.1 (KHTML, like Gecko) Chrome/24.0.1290.1 Safari/537.13" "thewhiteroom.co.in"
194.50.116.162 - - [17/Jan/2015:18:21:05 +0530] "POST /wp-login.php HTTP/1.1" 200 2183 "-" "Mozilla/5.0 (Windows NT 5.1) AppleWebKit/537.1 (KHTML, like Gecko) Chrome/24.0.1290.1 Safari/537.13" "thewhiteroom.co.in"
194.50.116.162 - - [17/Jan/2015:18:21:20 +0530] "POST /wp-login.php HTTP/1.1" 200 2183 "-" "Mozilla/5.0 (Windows NT 5.1) AppleWebKit/537.1 (KHTML, like Gecko) Chrome/24.0.1290.1 Safari/537.13" "thewhiteroom.co.in"
37.187.150.125 - - [17/Jan/2015:18:22:39 +0530] "GET /logs/scripts.log&amp;sa=U&amp;ei=E1S6VOjxE-egyAP17YGwBA&amp;ved=0COcCEBYwPQ&amp;usg=AFQjCNE5i9xlTe49W4rCtKkN2GWEuVv1ug//xmlrpc.php HTTP/1.1" 301 5 "-" "Mozilla/5.0 (Windows NT 6.1; WOW64; rv:34.0) Gecko/20100101 Firefox/34.0" "www.thewhiteroom.co.in"
37.187.150.125 - - [17/Jan/2015:18:22:41 +0530] "GET /logs/scripts.log&amp;sa=U&amp;ei=E1S6VOjxE-egyAP17YGwBA&amp;ved=0COcCEBYwPQ&amp;usg=AFQjCNE5i9xlTe49W4rCtKkN2GWEuVv1ug/xmlrpc.php HTTP/1.1" 404 7940 "-" "Mozilla/5.0 (Windows NT 6.1; WOW64; rv:34.0) Gecko/20100101 Firefox/34.0" "www.thewhiteroom.co.in"
31.184.238.152 - - [17/Jan/2015:18:24:42 +0530] "GET /logs/access.log HTTP/1.1" 200 93070 "http://orderivermectinonlinewithoutscript.soup.io" "Mozilla/5.0 (Windows NT 6.0) AppleWebKit/537.36 (KHTML, like Gecko) Chrome/32.0.1700.107 Safari/537.36" "www.thewhiteroom.co.in"
37.187.150.125 - - [17/Jan/2015:18:25:55 +0530] "GET /logs/scripts.log&amp;sa=U&amp;ei=FlS6VJblJ4vnUobUg9AN&amp;ved=0CNcCEBYwOw&amp;usg=AFQjCNF5oM_9K8a3Vr02P2os-k5QrwZRBg//xmlrpc.php HTTP/1.1" 301 5 "-" "Mozilla/5.0 (Windows NT 6.1; WOW64; rv:34.0) Gecko/20100101 Firefox/34.0" "www.thewhiteroom.co.in"
37.187.150.125 - - [17/Jan/2015:18:25:57 +0530] "GET /logs/scripts.log&amp;sa=U&amp;ei=FlS6VJblJ4vnUobUg9AN&amp;ved=0CNcCEBYwOw&amp;usg=AFQjCNF5oM_9K8a3Vr02P2os-k5QrwZRBg/xmlrpc.php HTTP/1.1" 404 7932 "-" "Mozilla/5.0 (Windows NT 6.1; WOW64; rv:34.0) Gecko/20100101 Firefox/34.0" "www.thewhiteroom.co.in"
37.187.150.125 - - [17/Jan/2015:18:29:29 +0530] "GET /logs/scripts.log&amp;sa=U&amp;ei=IVS6VILYJoP7UJfkgKAH&amp;ved=0COQCEBYwOw&amp;usg=AFQjCNFbOSc7Q1_Vcva4MVfFz7ZyF9Y6HQ//xmlrpc.php HTTP/1.1" 301 5 "-" "Mozilla/5.0 (Windows NT 6.1; WOW64; rv:34.0) Gecko/20100101 Firefox/34.0" "www.thewhiteroom.co.in"
37.187.150.125 - - [17/Jan/2015:18:29:32 +0530] "GET /logs/scripts.log&amp;sa=U&amp;ei=IVS6VILYJoP7UJfkgKAH&amp;ved=0COQCEBYwOw&amp;usg=AFQjCNFbOSc7Q1_Vcva4MVfFz7ZyF9Y6HQ/xmlrpc.php HTTP/1.1" 404 7932 "-" "Mozilla/5.0 (Windows NT 6.1; WOW64; rv:34.0) Gecko/20100101 Firefox/34.0" "www.thewhiteroom.co.in"
37.187.150.125 - - [17/Jan/2015:18:32:06 +0530] "GET /logs/scripts.log&amp;sa=U&amp;ei=JFS6VJrfOdDJuATl_IHICg&amp;ved=0CMkBEBYwIA&amp;usg=AFQjCNGTqfg1fJG-TTgUiAI_qDhzZf28rQ//xmlrpc.php HTTP/1.1" 301 5 "-" "Mozilla/5.0 (Windows NT 6.1; WOW64; rv:34.0) Gecko/20100101 Firefox/34.0" "www.thewhiteroom.co.in"
37.187.150.125 - - [17/Jan/2015:18:32:08 +0530] "GET /logs/scripts.log&amp;sa=U&amp;ei=JFS6VJrfOdDJuATl_IHICg&amp;ved=0CMkBEBYwIA&amp;usg=AFQjCNGTqfg1fJG-TTgUiAI_qDhzZf28rQ/xmlrpc.php HTTP/1.1" 404 7940 "-" "Mozilla/5.0 (Windows NT 6.1; WOW64; rv:34.0) Gecko/20100101 Firefox/34.0" "www.thewhiteroom.co.in"
88.138.124.99 - - [17/Jan/2015:18:34:58 +0530] "GET /yahoo_site_admin/credentials/ HTTP/1.1" 200 932 "http://www.google.fr/url?sa=t&rct=j&q=&esrc=s&source=web&cd=4&ved=0CDYQFjAD&url=http%3A%2F%2Fwww.thewhiteroom.co.in%2Fyahoo_site_admin%2Fcredentials%2F&ei=cF26VIHKDJKXavGhgPAJ&usg=AFQjCNGEzZrrf5qEjmUn5ED6849c4ibYSQ" "Mozilla/5.0 (Windows NT 6.3; WOW64; Trident/7.0; rv:11.0) like Gecko" "www.thewhiteroom.co.in"
88.138.124.99 - - [17/Jan/2015:18:34:59 +0530] "GET /favicon.ico HTTP/1.1" 200 0 "-" "Mozilla/5.0 (Windows NT 6.3; Win64; x64; Trident/7.0; rv:11.0) like Gecko" "www.thewhiteroom.co.in"
31.184.238.152 - - [17/Jan/2015:18:36:34 +0530] "GET /logs/access.log HTTP/1.1" 200 95770 "http://www.theknot.com/wedding/purchase-imuran" "Mozilla/5.0 (Windows NT 6.3; WOW64) AppleWebKit/537.36 (KHTML, like Gecko) Chrome/32.0.1700.107 Safari/537.36" "www.thewhiteroom.co.in"
157.55.39.146 - - [17/Jan/2015:18:37:20 +0530] "GET / HTTP/1.1" 200 3265 "-" "Mozilla/5.0 (compatible; bingbot/2.0; +http://www.bing.com/bingbot.htm)" "www.thewhiteroom.co.in"
199.30.24.34 - - [17/Jan/2015:18:37:35 +0530] "GET /wp-content/themes/WhiteRoom/style.css HTTP/1.1" 200 2864 "http://www.thewhiteroom.co.in/" "Mozilla/5.0 (Windows NT 6.1; WOW64) AppleWebKit/534+ (KHTML, like Gecko) BingPreview/1.0b" "www.thewhiteroom.co.in"
37.187.150.125 - - [17/Jan/2015:18:37:49 +0530] "GET /logs/scripts.log&amp;sa=U&amp;ei=LFS6VJ6tCuLOyQPCgYHwCQ&amp;ved=0CI4CEBYwLQ&amp;usg=AFQjCNGvlD0lrJI4i-cK_cktskQpxFwoFQ//xmlrpc.php HTTP/1.1" 301 5 "-" "Mozilla/5.0 (Windows NT 6.1; WOW64; rv:34.0) Gecko/20100101 Firefox/34.0" "www.thewhiteroom.co.in"
199.30.24.34 - - [17/Jan/2015:18:38:23 +0530] "GET /wp-includes/js/jquery/jquery.js?ver=1.11.1 HTTP/1.1" 200 33760 "http://www.thewhiteroom.co.in/" "Mozilla/5.0 (Windows NT 6.1; WOW64) AppleWebKit/534+ (KHTML, like Gecko) BingPreview/1.0b" "www.thewhiteroom.co.in"
199.30.24.34 - - [17/Jan/2015:18:38:24 +0530] "GET /wp-includes/js/jquery/jquery-migrate.min.js?ver=1.2.1 HTTP/1.1" 200 3562 "http://www.thewhiteroom.co.in/" "Mozilla/5.0 (Windows NT 6.1; WOW64) AppleWebKit/534+ (KHTML, like Gecko) BingPreview/1.0b" "www.thewhiteroom.co.in"
199.30.24.34 - - [17/Jan/2015:18:38:24 +0530] "GET /wp-content/plugins/ultimate-preloader/js/ups.js?ver=4.0.1 HTTP/1.1" 200 2740 "http://www.thewhiteroom.co.in/" "Mozilla/5.0 (Windows NT 6.1; WOW64) AppleWebKit/534+ (KHTML, like Gecko) BingPreview/1.0b" "www.thewhiteroom.co.in"
199.30.24.34 - - [17/Jan/2015:18:38:25 +0530] "GET /wp-content/plugins/wordpress-ajax-posts-loader-master/js/byscripts_ajax_posts_loader.js?ver=1.0 HTTP/1.1" 200 1275 "http://www.thewhiteroom.co.in/" "Mozilla/5.0 (Windows NT 6.1; WOW64) AppleWebKit/534+ (KHTML, like Gecko) BingPreview/1.0b" "www.thewhiteroom.co.in"
199.30.24.34 - - [17/Jan/2015:18:38:25 +0530] "GET /wp-content/uploads/2014/08/E.jpg HTTP/1.1" 200 36025 "http://www.thewhiteroom.co.in/" "Mozilla/5.0 (Windows NT 6.1; WOW64) AppleWebKit/534+ (KHTML, like Gecko) BingPreview/1.0b" "www.thewhiteroom.co.in"
37.187.150.125 - - [17/Jan/2015:18:38:37 +0530] "GET /logs/scripts.log&amp;sa=U&amp;ei=LFS6VJ6tCuLOyQPCgYHwCQ&amp;ved=0CI4CEBYwLQ&amp;usg=AFQjCNGvlD0lrJI4i-cK_cktskQpxFwoFQ/xmlrpc.php HTTP/1.1" 404 7940 "-" "Mozilla/5.0 (Windows NT 6.1; WOW64; rv:34.0) Gecko/20100101 Firefox/34.0" "www.thewhiteroom.co.in"
37.187.150.125 - - [17/Jan/2015:18:41:20 +0530] "GET /logs/scripts.log&amp;sa=U&amp;ei=L1S6VJuFE4LVar_hgKAL&amp;ved=0CJcBEBYwGA&amp;usg=AFQjCNHlyaXI6mZ24vEq4zetArBiKHyzog//xmlrpc.php HTTP/1.1" 301 5 "-" "Mozilla/5.0 (Windows NT 6.1; WOW64; rv:34.0) Gecko/20100101 Firefox/34.0" "www.thewhiteroom.co.in"
37.187.150.125 - - [17/Jan/2015:18:41:22 +0530] "GET /logs/scripts.log&amp;sa=U&amp;ei=L1S6VJuFE4LVar_hgKAL&amp;ved=0CJcBEBYwGA&amp;usg=AFQjCNHlyaXI6mZ24vEq4zetArBiKHyzog/xmlrpc.php HTTP/1.1" 404 7932 "-" "Mozilla/5.0 (Windows NT 6.1; WOW64; rv:34.0) Gecko/20100101 Firefox/34.0" "www.thewhiteroom.co.in"
37.187.150.125 - - [17/Jan/2015:18:44:10 +0530] "GET /logs/scripts.log&amp;sa=U&amp;ei=NlS6VO2kGujMyAPXuIKADw&amp;ved=0CKEBEBYwGg&amp;usg=AFQjCNEvF1kd601tWcvEOhQZf1FfwFXTww//xmlrpc.php HTTP/1.1" 301 5 "-" "Mozilla/5.0 (Windows NT 6.1; WOW64; rv:34.0) Gecko/20100101 Firefox/34.0" "www.thewhiteroom.co.in"
37.187.150.125 - - [17/Jan/2015:18:44:16 +0530] "GET /logs/scripts.log&amp;sa=U&amp;ei=NlS6VO2kGujMyAPXuIKADw&amp;ved=0CKEBEBYwGg&amp;usg=AFQjCNEvF1kd601tWcvEOhQZf1FfwFXTww/xmlrpc.php HTTP/1.1" 404 7940 "-" "Mozilla/5.0 (Windows NT 6.1; WOW64; rv:34.0) Gecko/20100101 Firefox/34.0" "www.thewhiteroom.co.in"
37.187.150.125 - - [17/Jan/2015:18:47:26 +0530] "GET /logs/scripts.log&amp;sa=U&amp;ei=OVS6VP38I5O1yASi2YL4Cw&amp;ved=0CKcBEBYwGg&amp;usg=AFQjCNHfJe659JCuNmGi56IF3feXTYXM7g//xmlrpc.php HTTP/1.1" 301 5 "-" "Mozilla/5.0 (Windows NT 6.1; WOW64; rv:34.0) Gecko/20100101 Firefox/34.0" "www.thewhiteroom.co.in"
37.187.150.125 - - [17/Jan/2015:18:47:28 +0530] "GET /logs/scripts.log&amp;sa=U&amp;ei=OVS6VP38I5O1yASi2YL4Cw&amp;ved=0CKcBEBYwGg&amp;usg=AFQjCNHfJe659JCuNmGi56IF3feXTYXM7g/xmlrpc.php HTTP/1.1" 404 7940 "-" "Mozilla/5.0 (Windows NT 6.1; WOW64; rv:34.0) Gecko/20100101 Firefox/34.0" "www.thewhiteroom.co.in"
31.184.238.152 - - [17/Jan/2015:18:48:27 +0530] "GET /logs/access.log HTTP/1.1" 200 100316 "http://orderarimidexonlinefastdelivery.soup.io" "Mozilla/5.0 (Windows NT 6.1; WOW64) AppleWebKit/537.36 (KHTML, like Gecko) Chrome/32.0.1700.107 Safari/537.36" "www.thewhiteroom.co.in"
